Archive member included because of file (symbol)

/usr/lib/gcc/avr/4.3.5/avr51/libgcc.a(_mulsi3.o)
                              ./src/main.o (__mulsi3)
/usr/lib/gcc/avr/4.3.5/avr51/libgcc.a(_udivmodsi4.o)
                              ./src/uart.o (__udivmodsi4)
/usr/lib/gcc/avr/4.3.5/avr51/libgcc.a(_divmodsi4.o)
                              ./src/main.o (__divmodsi4)
/usr/lib/gcc/avr/4.3.5/avr51/libgcc.a(_exit.o)
                              /usr/lib/gcc/avr/4.3.5/../../../avr/lib/avr51/crtm128rfa1.o (exit)
/usr/lib/gcc/avr/4.3.5/avr51/libgcc.a(_clear_bss.o)
                              ./src/TWI_Master.o (__do_clear_bss)
/usr/lib/gcc/avr/4.3.5/avr51/libgcc.a(_mul_sf.o)
                              ./src/main.o (__mulsf3)
/usr/lib/gcc/avr/4.3.5/avr51/libgcc.a(_thenan_sf.o)
                              /usr/lib/gcc/avr/4.3.5/avr51/libgcc.a(_mul_sf.o) (__thenan_sf)
/usr/lib/gcc/avr/4.3.5/avr51/libgcc.a(_usi_to_sf.o)
                              ./src/main.o (__floatunsisf)
/usr/lib/gcc/avr/4.3.5/avr51/libgcc.a(_prologue.o)
                              /usr/lib/gcc/avr/4.3.5/avr51/libgcc.a(_mul_sf.o) (__prologue_saves__)
/usr/lib/gcc/avr/4.3.5/avr51/libgcc.a(_epilogue.o)
                              /usr/lib/gcc/avr/4.3.5/avr51/libgcc.a(_mul_sf.o) (__epilogue_restores__)
/usr/lib/gcc/avr/4.3.5/avr51/libgcc.a(_clzsi2.o)
                              /usr/lib/gcc/avr/4.3.5/avr51/libgcc.a(_usi_to_sf.o) (__clzsi2)
/usr/lib/gcc/avr/4.3.5/avr51/libgcc.a(_pack_sf.o)
                              /usr/lib/gcc/avr/4.3.5/avr51/libgcc.a(_mul_sf.o) (__pack_f)
/usr/lib/gcc/avr/4.3.5/avr51/libgcc.a(_unpack_sf.o)
                              /usr/lib/gcc/avr/4.3.5/avr51/libgcc.a(_mul_sf.o) (__unpack_f)
/usr/lib/gcc/avr/4.3.5/avr51/libgcc.a(_clz.o)
                              /usr/lib/gcc/avr/4.3.5/avr51/libgcc.a(_clzsi2.o) (__clz_tab)
/usr/lib/gcc/avr/4.3.5/../../../avr/lib/avr51/libc.a(strchr.o)
                              ./src/main.o (strchr)
/usr/lib/gcc/avr/4.3.5/../../../avr/lib/avr51/libc.a(strcmp.o)
                              ./src/main.o (strcmp)
/usr/lib/gcc/avr/4.3.5/../../../avr/lib/avr51/libc.a(iob.o)
                              ./src/main.o (__iob)
/usr/lib/gcc/avr/4.3.5/../../../avr/lib/avr51/libc.a(printf.o)
                              ./src/main.o (printf)
/usr/lib/gcc/avr/4.3.5/../../../avr/lib/avr51/libc.a(puts.o)
                              ./src/main.o (puts)
/usr/lib/gcc/avr/4.3.5/../../../avr/lib/avr51/libc.a(sscanf.o)
                              ./src/main.o (sscanf)
/usr/lib/gcc/avr/4.3.5/../../../avr/lib/avr51/libc.a(vfprintf_std.o)
                              /usr/lib/gcc/avr/4.3.5/../../../avr/lib/avr51/libc.a(printf.o) (vfprintf)
/usr/lib/gcc/avr/4.3.5/../../../avr/lib/avr51/libc.a(vfscanf_std.o)
                              /usr/lib/gcc/avr/4.3.5/../../../avr/lib/avr51/libc.a(sscanf.o) (vfscanf)
/usr/lib/gcc/avr/4.3.5/../../../avr/lib/avr51/libc.a(isspace.o)
                              /usr/lib/gcc/avr/4.3.5/../../../avr/lib/avr51/libc.a(vfscanf_std.o) (isspace)
/usr/lib/gcc/avr/4.3.5/../../../avr/lib/avr51/libc.a(strchr_P.o)
                              /usr/lib/gcc/avr/4.3.5/../../../avr/lib/avr51/libc.a(vfscanf_std.o) (strchr_P)
/usr/lib/gcc/avr/4.3.5/../../../avr/lib/avr51/libc.a(strnlen_P.o)
                              /usr/lib/gcc/avr/4.3.5/../../../avr/lib/avr51/libc.a(vfprintf_std.o) (strnlen_P)
/usr/lib/gcc/avr/4.3.5/../../../avr/lib/avr51/libc.a(strnlen.o)
                              /usr/lib/gcc/avr/4.3.5/../../../avr/lib/avr51/libc.a(vfprintf_std.o) (strnlen)
/usr/lib/gcc/avr/4.3.5/../../../avr/lib/avr51/libc.a(fgetc.o)
                              /usr/lib/gcc/avr/4.3.5/../../../avr/lib/avr51/libc.a(vfscanf_std.o) (fgetc)
/usr/lib/gcc/avr/4.3.5/../../../avr/lib/avr51/libc.a(fputc.o)
                              /usr/lib/gcc/avr/4.3.5/../../../avr/lib/avr51/libc.a(vfprintf_std.o) (fputc)
/usr/lib/gcc/avr/4.3.5/../../../avr/lib/avr51/libc.a(ungetc.o)
                              /usr/lib/gcc/avr/4.3.5/../../../avr/lib/avr51/libc.a(vfscanf_std.o) (ungetc)
/usr/lib/gcc/avr/4.3.5/../../../avr/lib/avr51/libc.a(ultoa_invert.o)
                              /usr/lib/gcc/avr/4.3.5/../../../avr/lib/avr51/libc.a(vfprintf_std.o) (__ultoa_invert)
/usr/lib/gcc/avr/4.3.5/../../../avr/lib/avr51/libc.a(cty_isfalse.o)
                              /usr/lib/gcc/avr/4.3.5/../../../avr/lib/avr51/libc.a(isspace.o) (__ctype_isfalse)

Allocating common symbols
Common symbol       size              file

iic_data            0x1               ./src/main.o
__iob               0x6               /usr/lib/gcc/avr/4.3.5/../../../avr/lib/avr51/libc.a(iob.o)

Memory Configuration

Name             Origin             Length             Attributes
text             0x00000000         0x00020000         xr
data             0x00800060         0x0000ffa0         rw !x
eeprom           0x00810000         0x00010000         rw !x
fuse             0x00820000         0x00000400         rw !x
lock             0x00830000         0x00000400         rw !x
signature        0x00840000         0x00000400         rw !x
*default*        0x00000000         0xffffffff

Linker script and memory map

Address of section .data set to 0x800200
LOAD /usr/lib/gcc/avr/4.3.5/../../../avr/lib/avr51/crtm128rfa1.o
LOAD ./src/TWI_Master.o
LOAD ./src/hdlc_light.o
LOAD ./src/io_access.o
LOAD ./src/main.o
LOAD ./src/tmp75.o
LOAD ./src/twimaster.o
LOAD ./src/uart.o
LOAD /usr/lib/gcc/avr/4.3.5/avr51/libgcc.a
LOAD /usr/lib/gcc/avr/4.3.5/../../../avr/lib/avr51/libc.a
LOAD /usr/lib/gcc/avr/4.3.5/avr51/libgcc.a

.hash
 *(.hash)

.dynsym
 *(.dynsym)

.dynstr
 *(.dynstr)

.gnu.version
 *(.gnu.version)

.gnu.version_d
 *(.gnu.version_d)

.gnu.version_r
 *(.gnu.version_r)

.rel.init
 *(.rel.init)

.rela.init
 *(.rela.init)

.rel.text
 *(.rel.text)
 *(.rel.text.*)
 *(.rel.gnu.linkonce.t*)

.rela.text
 *(.rela.text)
 *(.rela.text.*)
 *(.rela.gnu.linkonce.t*)

.rel.fini
 *(.rel.fini)

.rela.fini
 *(.rela.fini)

.rel.rodata
 *(.rel.rodata)
 *(.rel.rodata.*)
 *(.rel.gnu.linkonce.r*)

.rela.rodata
 *(.rela.rodata)
 *(.rela.rodata.*)
 *(.rela.gnu.linkonce.r*)

.rel.data
 *(.rel.data)
 *(.rel.data.*)
 *(.rel.gnu.linkonce.d*)

.rela.data
 *(.rela.data)
 *(.rela.data.*)
 *(.rela.gnu.linkonce.d*)

.rel.ctors
 *(.rel.ctors)

.rela.ctors
 *(.rela.ctors)

.rel.dtors
 *(.rel.dtors)

.rela.dtors
 *(.rela.dtors)

.rel.got
 *(.rel.got)

.rela.got
 *(.rela.got)

.rel.bss
 *(.rel.bss)

.rela.bss
 *(.rela.bss)

.rel.plt
 *(.rel.plt)

.rela.plt
 *(.rela.plt)

.text           0x00000000     0x23d4
 *(.vectors)
 .vectors       0x00000000      0x120 /usr/lib/gcc/avr/4.3.5/../../../avr/lib/avr51/crtm128rfa1.o
                0x00000000                __vectors
                0x00000000                __vector_default
 *(.vectors)
 *(.progmem.gcc*)
 *(.progmem*)
 .progmem.data  0x00000120        0xc /usr/lib/gcc/avr/4.3.5/../../../avr/lib/avr51/libc.a(vfscanf_std.o)
                0x0000012c                . = ALIGN (0x2)
                0x0000012c                __trampolines_start = .
 *(.trampolines)
 .trampolines   0x0000012c        0x0 linker stubs
 *(.trampolines*)
                0x0000012c                __trampolines_end = .
 *(.jumptables)
 *(.jumptables*)
 *(.lowtext)
 *(.lowtext*)
                0x0000012c                __ctors_start = .
 *(.ctors)
                0x0000012c                __ctors_end = .
                0x0000012c                __dtors_start = .
 *(.dtors)
                0x0000012c                __dtors_end = .
 SORT(*)(.ctors)
 SORT(*)(.dtors)
 *(.init0)
 .init0         0x0000012c        0x0 /usr/lib/gcc/avr/4.3.5/../../../avr/lib/avr51/crtm128rfa1.o
                0x0000012c                __init
 *(.init0)
 *(.init1)
 *(.init1)
 *(.init2)
 .init2         0x0000012c        0xc /usr/lib/gcc/avr/4.3.5/../../../avr/lib/avr51/crtm128rfa1.o
 *(.init2)
 *(.init3)
 *(.init3)
 *(.init4)
 .init4         0x00000138       0x1a /usr/lib/gcc/avr/4.3.5/../../../avr/lib/avr51/crtm128rfa1.o
                0x00000138                __do_copy_data
 .init4         0x00000152       0x10 /usr/lib/gcc/avr/4.3.5/avr51/libgcc.a(_clear_bss.o)
                0x00000152                __do_clear_bss
 *(.init4)
 *(.init5)
 *(.init5)
 *(.init6)
 *(.init6)
 *(.init7)
 *(.init7)
 *(.init8)
 *(.init8)
 *(.init9)
 .init9         0x00000162        0x8 /usr/lib/gcc/avr/4.3.5/../../../avr/lib/avr51/crtm128rfa1.o
 *(.init9)
 *(.text)
 .text          0x0000016a        0x4 /usr/lib/gcc/avr/4.3.5/../../../avr/lib/avr51/crtm128rfa1.o
                0x0000016a                __vector_38
                0x0000016a                __vector_22
                0x0000016a                __vector_63
                0x0000016a                __vector_28
                0x0000016a                __vector_67
                0x0000016a                __vector_1
                0x0000016a                __vector_32
                0x0000016a                __vector_71
                0x0000016a                __vector_34
                0x0000016a                __vector_62
                0x0000016a                __vector_24
                0x0000016a                __vector_12
                0x0000016a                __vector_55
                0x0000016a                __vector_69
                0x0000016a                __vector_46
                0x0000016a                __bad_interrupt
                0x0000016a                __vector_6
                0x0000016a                __vector_31
                0x0000016a                __vector_35
                0x0000016a                __vector_3
                0x0000016a                __vector_23
                0x0000016a                __vector_68
                0x0000016a                __vector_30
                0x0000016a                __vector_45
                0x0000016a                __vector_61
                0x0000016a                __vector_11
                0x0000016a                __vector_54
                0x0000016a                __vector_13
                0x0000016a                __vector_17
                0x0000016a                __vector_19
                0x0000016a                __vector_56
                0x0000016a                __vector_7
                0x0000016a                __vector_49
                0x0000016a                __vector_41
                0x0000016a                __vector_64
                0x0000016a                __vector_43
                0x0000016a                __vector_27
                0x0000016a                __vector_5
                0x0000016a                __vector_33
                0x0000016a                __vector_47
                0x0000016a                __vector_52
                0x0000016a                __vector_37
                0x0000016a                __vector_4
                0x0000016a                __vector_44
                0x0000016a                __vector_51
                0x0000016a                __vector_9
                0x0000016a                __vector_2
                0x0000016a                __vector_21
                0x0000016a                __vector_15
                0x0000016a                __vector_66
                0x0000016a                __vector_36
                0x0000016a                __vector_58
                0x0000016a                __vector_70
                0x0000016a                __vector_29
                0x0000016a                __vector_60
                0x0000016a                __vector_40
                0x0000016a                __vector_8
                0x0000016a                __vector_26
                0x0000016a                __vector_48
                0x0000016a                __vector_14
                0x0000016a                __vector_57
                0x0000016a                __vector_53
                0x0000016a                __vector_10
                0x0000016a                __vector_50
                0x0000016a                __vector_16
                0x0000016a                __vector_59
                0x0000016a                __vector_18
                0x0000016a                __vector_20
                0x0000016a                __vector_42
                0x0000016a                __vector_65
 .text          0x0000016e      0x1b6 ./src/TWI_Master.o
                0x0000016e                TWI_Master_Initialise
                0x00000182                TWI_Transceiver_Busy
                0x0000018a                TWI_Get_State_Info
                0x00000198                TWI_Start_Transceiver_With_Data
                0x000001dc                TWI_Start_Transceiver
                0x000001f6                TWI_Get_Data_From_Transceiver
                0x0000022e                __vector_39
 .text          0x00000324      0x476 ./src/hdlc_light.o
                0x00000324                protocol_init
                0x000003ac                protocol_exit
                0x000003ba                protocol_add
                0x0000049c                protocol_remove
                0x000004cc                protocol_set_buffer
                0x00000552                protocol_send
                0x0000069a                protocol_receive
 .text          0x0000079a       0xfc ./src/io_access.o
                0x0000079a                button_pressed
                0x000007c0                led_set
                0x0000086e                stb_status_temperature
 .text          0x00000896      0x3d2 ./src/main.o
                0x00000896                reject_rxBuffer
                0x000008a0                __vector_25
                0x00000978                main
                0x00000b98                TMP275_init
                0x00000c00                TMP275_read
 .text          0x00000c68      0x196 ./src/tmp75.o
                0x00000c68                tmp75_write_thi
                0x00000ca0                tmp75_write_tlow
                0x00000cd8                tmp75_write_config
                0x00000cf6                tmp75_read_thi
                0x00000d3c                tmp75_read_tlow
                0x00000d82                tmp75_read_temp
                0x00000dda                tmp75_read_config
 .text          0x00000dfe      0x10e ./src/twimaster.o
                0x00000dfe                i2c_init
                0x00000e0e                i2c_start
                0x00000e5a                i2c_start_wait
                0x00000eaa                i2c_rep_start
                0x00000eb0                i2c_stop
                0x00000ec0                i2c_write
                0x00000ee4                i2c_readAck
                0x00000ef8                i2c_readNak
 .text          0x00000f0c       0xb0 ./src/uart.o
                0x00000f0c                uart_init
                0x00000f5a                uart_keypressed
                0x00000f66                uart_getc
                0x00000f76                uart_getc_wait
                0x00000f86                uart_getc_std
                0x00000f96                uart_putc
                0x00000faa                uart_putc_std
 .text          0x00000fbc        0x0 /usr/lib/gcc/avr/4.3.5/avr51/libgcc.a(_mulsi3.o)
 .text          0x00000fbc        0x0 /usr/lib/gcc/avr/4.3.5/avr51/libgcc.a(_udivmodsi4.o)
 .text          0x00000fbc        0x0 /usr/lib/gcc/avr/4.3.5/avr51/libgcc.a(_divmodsi4.o)
 .text          0x00000fbc        0x0 /usr/lib/gcc/avr/4.3.5/avr51/libgcc.a(_exit.o)
 .text          0x00000fbc        0x0 /usr/lib/gcc/avr/4.3.5/avr51/libgcc.a(_clear_bss.o)
 .text          0x00000fbc      0x1f4 /usr/lib/gcc/avr/4.3.5/avr51/libgcc.a(_mul_sf.o)
                0x00000fbc                __mulsf3
 .text          0x000011b0        0x0 /usr/lib/gcc/avr/4.3.5/avr51/libgcc.a(_thenan_sf.o)
 .text          0x000011b0       0xf2 /usr/lib/gcc/avr/4.3.5/avr51/libgcc.a(_usi_to_sf.o)
                0x000011b0                __floatunsisf
 .text          0x000012a2        0x0 /usr/lib/gcc/avr/4.3.5/avr51/libgcc.a(_prologue.o)
 .text          0x000012a2        0x0 /usr/lib/gcc/avr/4.3.5/avr51/libgcc.a(_epilogue.o)
 .text          0x000012a2       0x9e /usr/lib/gcc/avr/4.3.5/avr51/libgcc.a(_clzsi2.o)
                0x000012a2                __clzsi2
 .text          0x00001340      0x1aa /usr/lib/gcc/avr/4.3.5/avr51/libgcc.a(_pack_sf.o)
                0x00001340                __pack_f
 .text          0x000014ea       0xf0 /usr/lib/gcc/avr/4.3.5/avr51/libgcc.a(_unpack_sf.o)
                0x000014ea                __unpack_f
 .text          0x000015da        0x0 /usr/lib/gcc/avr/4.3.5/avr51/libgcc.a(_clz.o)
 .text          0x000015da        0x0 /usr/lib/gcc/avr/4.3.5/../../../avr/lib/avr51/libc.a(strchr.o)
 .text          0x000015da        0x0 /usr/lib/gcc/avr/4.3.5/../../../avr/lib/avr51/libc.a(strcmp.o)
 .text          0x000015da        0x0 /usr/lib/gcc/avr/4.3.5/../../../avr/lib/avr51/libc.a(iob.o)
 .text          0x000015da        0x0 /usr/lib/gcc/avr/4.3.5/../../../avr/lib/avr51/libc.a(printf.o)
 .text          0x000015da        0x0 /usr/lib/gcc/avr/4.3.5/../../../avr/lib/avr51/libc.a(puts.o)
 .text          0x000015da        0x0 /usr/lib/gcc/avr/4.3.5/../../../avr/lib/avr51/libc.a(sscanf.o)
 .text          0x000015da        0x0 /usr/lib/gcc/avr/4.3.5/../../../avr/lib/avr51/libc.a(vfprintf_std.o)
 .text          0x000015da        0x0 /usr/lib/gcc/avr/4.3.5/../../../avr/lib/avr51/libc.a(vfscanf_std.o)
 .text          0x000015da        0x0 /usr/lib/gcc/avr/4.3.5/../../../avr/lib/avr51/libc.a(isspace.o)
 .text          0x000015da        0x0 /usr/lib/gcc/avr/4.3.5/../../../avr/lib/avr51/libc.a(strchr_P.o)
 .text          0x000015da        0x0 /usr/lib/gcc/avr/4.3.5/../../../avr/lib/avr51/libc.a(strnlen_P.o)
 .text          0x000015da        0x0 /usr/lib/gcc/avr/4.3.5/../../../avr/lib/avr51/libc.a(strnlen.o)
 .text          0x000015da        0x0 /usr/lib/gcc/avr/4.3.5/../../../avr/lib/avr51/libc.a(fgetc.o)
 .text          0x000015da        0x0 /usr/lib/gcc/avr/4.3.5/../../../avr/lib/avr51/libc.a(fputc.o)
 .text          0x000015da        0x0 /usr/lib/gcc/avr/4.3.5/../../../avr/lib/avr51/libc.a(ungetc.o)
 .text          0x000015da        0x0 /usr/lib/gcc/avr/4.3.5/../../../avr/lib/avr51/libc.a(ultoa_invert.o)
 .text          0x000015da        0x0 /usr/lib/gcc/avr/4.3.5/../../../avr/lib/avr51/libc.a(cty_isfalse.o)
                0x000015da                . = ALIGN (0x2)
 *(.text.*)
 .text.libgcc   0x000015da       0x3e /usr/lib/gcc/avr/4.3.5/avr51/libgcc.a(_mulsi3.o)
                0x000015da                __mulsi3
 .text.libgcc   0x00001618       0x44 /usr/lib/gcc/avr/4.3.5/avr51/libgcc.a(_udivmodsi4.o)
                0x00001618                __udivmodsi4
 .text.libgcc   0x0000165c       0x36 /usr/lib/gcc/avr/4.3.5/avr51/libgcc.a(_divmodsi4.o)
                0x0000165c                __divmodsi4
 .text.libgcc   0x00001692        0x0 /usr/lib/gcc/avr/4.3.5/avr51/libgcc.a(_exit.o)
 .text.libgcc   0x00001692        0x0 /usr/lib/gcc/avr/4.3.5/avr51/libgcc.a(_clear_bss.o)
 .text.libgcc   0x00001692       0x38 /usr/lib/gcc/avr/4.3.5/avr51/libgcc.a(_prologue.o)
                0x00001692                __prologue_saves__
 .text.libgcc   0x000016ca       0x36 /usr/lib/gcc/avr/4.3.5/avr51/libgcc.a(_epilogue.o)
                0x000016ca                __epilogue_restores__
 .text.avr-libc
                0x00001700       0x16 /usr/lib/gcc/avr/4.3.5/../../../avr/lib/avr51/libc.a(strchr.o)
                0x00001700                strchr
 .text.avr-libc
                0x00001716       0x12 /usr/lib/gcc/avr/4.3.5/../../../avr/lib/avr51/libc.a(strcmp.o)
                0x00001716                strcmp
 .text.avr-libc
                0x00001728       0x24 /usr/lib/gcc/avr/4.3.5/../../../avr/lib/avr51/libc.a(printf.o)
                0x00001728                printf
 .text.avr-libc
                0x0000174c       0x6a /usr/lib/gcc/avr/4.3.5/../../../avr/lib/avr51/libc.a(puts.o)
                0x0000174c                puts
 .text.avr-libc
                0x000017b6       0x46 /usr/lib/gcc/avr/4.3.5/../../../avr/lib/avr51/libc.a(sscanf.o)
                0x000017b6                sscanf
 .text.avr-libc
                0x000017fc      0x40c /usr/lib/gcc/avr/4.3.5/../../../avr/lib/avr51/libc.a(vfprintf_std.o)
                0x000017fc                vfprintf
 .text.avr-libc
                0x00001c08      0x5a4 /usr/lib/gcc/avr/4.3.5/../../../avr/lib/avr51/libc.a(vfscanf_std.o)
                0x00001f66                vfscanf
 .text.avr-libc
                0x000021ac       0x10 /usr/lib/gcc/avr/4.3.5/../../../avr/lib/avr51/libc.a(isspace.o)
                0x000021ac                isspace
 .text.avr-libc
                0x000021bc       0x16 /usr/lib/gcc/avr/4.3.5/../../../avr/lib/avr51/libc.a(strchr_P.o)
                0x000021bc                strchr_P
 .text.avr-libc
                0x000021d2       0x16 /usr/lib/gcc/avr/4.3.5/../../../avr/lib/avr51/libc.a(strnlen_P.o)
                0x000021d2                strnlen_P
 .text.avr-libc
                0x000021e8       0x16 /usr/lib/gcc/avr/4.3.5/../../../avr/lib/avr51/libc.a(strnlen.o)
                0x000021e8                strnlen
 .text.avr-libc
                0x000021fe       0x84 /usr/lib/gcc/avr/4.3.5/../../../avr/lib/avr51/libc.a(fgetc.o)
                0x000021fe                fgetc
 .text.avr-libc
                0x00002282       0x58 /usr/lib/gcc/avr/4.3.5/../../../avr/lib/avr51/libc.a(fputc.o)
                0x00002282                fputc
 .text.avr-libc
                0x000022da       0x34 /usr/lib/gcc/avr/4.3.5/../../../avr/lib/avr51/libc.a(ungetc.o)
                0x000022da                ungetc
 .text.avr-libc
                0x0000230e       0xbc /usr/lib/gcc/avr/4.3.5/../../../avr/lib/avr51/libc.a(ultoa_invert.o)
                0x0000230e                __ultoa_invert
 .text.avr-libc
                0x000023ca        0x6 /usr/lib/gcc/avr/4.3.5/../../../avr/lib/avr51/libc.a(cty_isfalse.o)
                0x000023ca                __ctype_isfalse
                0x000023ce                __ctype_istrue
                0x000023d0                . = ALIGN (0x2)
 *(.fini9)
 .fini9         0x000023d0        0x0 /usr/lib/gcc/avr/4.3.5/avr51/libgcc.a(_exit.o)
                0x000023d0                exit
                0x000023d0                _exit
 *(.fini9)
 *(.fini8)
 *(.fini8)
 *(.fini7)
 *(.fini7)
 *(.fini6)
 *(.fini6)
 *(.fini5)
 *(.fini5)
 *(.fini4)
 *(.fini4)
 *(.fini3)
 *(.fini3)
 *(.fini2)
 *(.fini2)
 *(.fini1)
 *(.fini1)
 *(.fini0)
 .fini0         0x000023d0        0x4 /usr/lib/gcc/avr/4.3.5/avr51/libgcc.a(_exit.o)
 *(.fini0)
                0x000023d4                _etext = .

.data           0x00800200      0x212 load address 0x000023d4
                0x00800200                PROVIDE (__data_start, .)
 *(.data)
 .data          0x00800200        0x0 /usr/lib/gcc/avr/4.3.5/../../../avr/lib/avr51/crtm128rfa1.o
 .data          0x00800200        0x1 ./src/TWI_Master.o
 .data          0x00800201        0x0 ./src/hdlc_light.o
 .data          0x00800201        0x0 ./src/io_access.o
 .data          0x00800201      0x109 ./src/main.o
 .data          0x0080030a        0x0 ./src/tmp75.o
 .data          0x0080030a        0x0 ./src/twimaster.o
 .data          0x0080030a        0x0 ./src/uart.o
 .data          0x0080030a        0x0 /usr/lib/gcc/avr/4.3.5/avr51/libgcc.a(_mulsi3.o)
 .data          0x0080030a        0x0 /usr/lib/gcc/avr/4.3.5/avr51/libgcc.a(_udivmodsi4.o)
 .data          0x0080030a        0x0 /usr/lib/gcc/avr/4.3.5/avr51/libgcc.a(_divmodsi4.o)
 .data          0x0080030a        0x0 /usr/lib/gcc/avr/4.3.5/avr51/libgcc.a(_exit.o)
 .data          0x0080030a        0x0 /usr/lib/gcc/avr/4.3.5/avr51/libgcc.a(_clear_bss.o)
 .data          0x0080030a        0x0 /usr/lib/gcc/avr/4.3.5/avr51/libgcc.a(_mul_sf.o)
 .data          0x0080030a        0x8 /usr/lib/gcc/avr/4.3.5/avr51/libgcc.a(_thenan_sf.o)
                0x0080030a                __thenan_sf
 .data          0x00800312        0x0 /usr/lib/gcc/avr/4.3.5/avr51/libgcc.a(_usi_to_sf.o)
 .data          0x00800312        0x0 /usr/lib/gcc/avr/4.3.5/avr51/libgcc.a(_prologue.o)
 .data          0x00800312        0x0 /usr/lib/gcc/avr/4.3.5/avr51/libgcc.a(_epilogue.o)
 .data          0x00800312        0x0 /usr/lib/gcc/avr/4.3.5/avr51/libgcc.a(_clzsi2.o)
 .data          0x00800312        0x0 /usr/lib/gcc/avr/4.3.5/avr51/libgcc.a(_pack_sf.o)
 .data          0x00800312        0x0 /usr/lib/gcc/avr/4.3.5/avr51/libgcc.a(_unpack_sf.o)
 .data          0x00800312      0x100 /usr/lib/gcc/avr/4.3.5/avr51/libgcc.a(_clz.o)
                0x00800312                __clz_tab
 .data          0x00800412        0x0 /usr/lib/gcc/avr/4.3.5/../../../avr/lib/avr51/libc.a(strchr.o)
 .data          0x00800412        0x0 /usr/lib/gcc/avr/4.3.5/../../../avr/lib/avr51/libc.a(strcmp.o)
 .data          0x00800412        0x0 /usr/lib/gcc/avr/4.3.5/../../../avr/lib/avr51/libc.a(iob.o)
 .data          0x00800412        0x0 /usr/lib/gcc/avr/4.3.5/../../../avr/lib/avr51/libc.a(printf.o)
 .data          0x00800412        0x0 /usr/lib/gcc/avr/4.3.5/../../../avr/lib/avr51/libc.a(puts.o)
 .data          0x00800412        0x0 /usr/lib/gcc/avr/4.3.5/../../../avr/lib/avr51/libc.a(sscanf.o)
 .data          0x00800412        0x0 /usr/lib/gcc/avr/4.3.5/../../../avr/lib/avr51/libc.a(vfprintf_std.o)
 .data          0x00800412        0x0 /usr/lib/gcc/avr/4.3.5/../../../avr/lib/avr51/libc.a(vfscanf_std.o)
 .data          0x00800412        0x0 /usr/lib/gcc/avr/4.3.5/../../../avr/lib/avr51/libc.a(isspace.o)
 .data          0x00800412        0x0 /usr/lib/gcc/avr/4.3.5/../../../avr/lib/avr51/libc.a(strchr_P.o)
 .data          0x00800412        0x0 /usr/lib/gcc/avr/4.3.5/../../../avr/lib/avr51/libc.a(strnlen_P.o)
 .data          0x00800412        0x0 /usr/lib/gcc/avr/4.3.5/../../../avr/lib/avr51/libc.a(strnlen.o)
 .data          0x00800412        0x0 /usr/lib/gcc/avr/4.3.5/../../../avr/lib/avr51/libc.a(fgetc.o)
 .data          0x00800412        0x0 /usr/lib/gcc/avr/4.3.5/../../../avr/lib/avr51/libc.a(fputc.o)
 .data          0x00800412        0x0 /usr/lib/gcc/avr/4.3.5/../../../avr/lib/avr51/libc.a(ungetc.o)
 .data          0x00800412        0x0 /usr/lib/gcc/avr/4.3.5/../../../avr/lib/avr51/libc.a(ultoa_invert.o)
 .data          0x00800412        0x0 /usr/lib/gcc/avr/4.3.5/../../../avr/lib/avr51/libc.a(cty_isfalse.o)
 *(.data*)
 *(.rodata)
 *(.rodata*)
 *(.gnu.linkonce.d*)
                0x00800412                . = ALIGN (0x2)
                0x00800412                _edata = .
                0x00800412                PROVIDE (__data_end, .)

.bss            0x00800412      0x145
                0x00800412                PROVIDE (__bss_start, .)
 *(.bss)
 .bss           0x00800412        0x0 /usr/lib/gcc/avr/4.3.5/../../../avr/lib/avr51/crtm128rfa1.o
 .bss           0x00800412        0xd ./src/TWI_Master.o
                0x00800412                TWI_statusReg
 .bss           0x0080041f       0x29 ./src/hdlc_light.o
 .bss           0x00800448        0x1 ./src/io_access.o
 .bss           0x00800449      0x107 ./src/main.o
 .bss           0x00800550        0x0 ./src/tmp75.o
 .bss           0x00800550        0x0 ./src/twimaster.o
 .bss           0x00800550        0x0 ./src/uart.o
 .bss           0x00800550        0x0 /usr/lib/gcc/avr/4.3.5/avr51/libgcc.a(_mulsi3.o)
 .bss           0x00800550        0x0 /usr/lib/gcc/avr/4.3.5/avr51/libgcc.a(_udivmodsi4.o)
 .bss           0x00800550        0x0 /usr/lib/gcc/avr/4.3.5/avr51/libgcc.a(_divmodsi4.o)
 .bss           0x00800550        0x0 /usr/lib/gcc/avr/4.3.5/avr51/libgcc.a(_exit.o)
 .bss           0x00800550        0x0 /usr/lib/gcc/avr/4.3.5/avr51/libgcc.a(_clear_bss.o)
 .bss           0x00800550        0x0 /usr/lib/gcc/avr/4.3.5/avr51/libgcc.a(_mul_sf.o)
 .bss           0x00800550        0x0 /usr/lib/gcc/avr/4.3.5/avr51/libgcc.a(_thenan_sf.o)
 .bss           0x00800550        0x0 /usr/lib/gcc/avr/4.3.5/avr51/libgcc.a(_usi_to_sf.o)
 .bss           0x00800550        0x0 /usr/lib/gcc/avr/4.3.5/avr51/libgcc.a(_prologue.o)
 .bss           0x00800550        0x0 /usr/lib/gcc/avr/4.3.5/avr51/libgcc.a(_epilogue.o)
 .bss           0x00800550        0x0 /usr/lib/gcc/avr/4.3.5/avr51/libgcc.a(_clzsi2.o)
 .bss           0x00800550        0x0 /usr/lib/gcc/avr/4.3.5/avr51/libgcc.a(_pack_sf.o)
 .bss           0x00800550        0x0 /usr/lib/gcc/avr/4.3.5/avr51/libgcc.a(_unpack_sf.o)
 .bss           0x00800550        0x0 /usr/lib/gcc/avr/4.3.5/avr51/libgcc.a(_clz.o)
 .bss           0x00800550        0x0 /usr/lib/gcc/avr/4.3.5/../../../avr/lib/avr51/libc.a(strchr.o)
 .bss           0x00800550        0x0 /usr/lib/gcc/avr/4.3.5/../../../avr/lib/avr51/libc.a(strcmp.o)
 .bss           0x00800550        0x0 /usr/lib/gcc/avr/4.3.5/../../../avr/lib/avr51/libc.a(iob.o)
 .bss           0x00800550        0x0 /usr/lib/gcc/avr/4.3.5/../../../avr/lib/avr51/libc.a(printf.o)
 .bss           0x00800550        0x0 /usr/lib/gcc/avr/4.3.5/../../../avr/lib/avr51/libc.a(puts.o)
 .bss           0x00800550        0x0 /usr/lib/gcc/avr/4.3.5/../../../avr/lib/avr51/libc.a(sscanf.o)
 .bss           0x00800550        0x0 /usr/lib/gcc/avr/4.3.5/../../../avr/lib/avr51/libc.a(vfprintf_std.o)
 .bss           0x00800550        0x0 /usr/lib/gcc/avr/4.3.5/../../../avr/lib/avr51/libc.a(vfscanf_std.o)
 .bss           0x00800550        0x0 /usr/lib/gcc/avr/4.3.5/../../../avr/lib/avr51/libc.a(isspace.o)
 .bss           0x00800550        0x0 /usr/lib/gcc/avr/4.3.5/../../../avr/lib/avr51/libc.a(strchr_P.o)
 .bss           0x00800550        0x0 /usr/lib/gcc/avr/4.3.5/../../../avr/lib/avr51/libc.a(strnlen_P.o)
 .bss           0x00800550        0x0 /usr/lib/gcc/avr/4.3.5/../../../avr/lib/avr51/libc.a(strnlen.o)
 .bss           0x00800550        0x0 /usr/lib/gcc/avr/4.3.5/../../../avr/lib/avr51/libc.a(fgetc.o)
 .bss           0x00800550        0x0 /usr/lib/gcc/avr/4.3.5/../../../avr/lib/avr51/libc.a(fputc.o)
 .bss           0x00800550        0x0 /usr/lib/gcc/avr/4.3.5/../../../avr/lib/avr51/libc.a(ungetc.o)
 .bss           0x00800550        0x0 /usr/lib/gcc/avr/4.3.5/../../../avr/lib/avr51/libc.a(ultoa_invert.o)
 .bss           0x00800550        0x0 /usr/lib/gcc/avr/4.3.5/../../../avr/lib/avr51/libc.a(cty_isfalse.o)
 *(.bss*)
 *(COMMON)
 COMMON         0x00800550        0x1 ./src/main.o
                0x00800550                iic_data
 COMMON         0x00800551        0x6 /usr/lib/gcc/avr/4.3.5/../../../avr/lib/avr51/libc.a(iob.o)
                0x00800551                __iob
                0x00800557                PROVIDE (__bss_end, .)
                0x000023d4                __data_load_start = LOADADDR (.data)
                0x000025e6                __data_load_end = (__data_load_start + SIZEOF (.data))

.noinit         0x00800557        0x0
                0x00800557                PROVIDE (__noinit_start, .)
 *(.noinit*)
                0x00800557                PROVIDE (__noinit_end, .)
                0x00800557                _end = .
                0x00800557                PROVIDE (__heap_start, .)

.eeprom         0x00810000        0x0
 *(.eeprom*)
                0x00810000                __eeprom_end = .

.fuse
 *(.fuse)
 *(.lfuse)
 *(.hfuse)
 *(.efuse)

.lock
 *(.lock*)

.signature
 *(.signature*)

.stab           0x00000000     0x61ec
 *(.stab)
 .stab          0x00000000      0x750 /usr/lib/gcc/avr/4.3.5/../../../avr/lib/avr51/crtm128rfa1.o
 .stab          0x00000750      0xe1c ./src/TWI_Master.o
                                0xe28 (size before relaxing)
 .stab          0x0000156c      0x918 ./src/hdlc_light.o
                                0xaa4 (size before relaxing)
 .stab          0x00001e84      0x2dc ./src/io_access.o
                                0xc54 (size before relaxing)
 .stab          0x00002160      0x72c ./src/main.o
                               0x1158 (size before relaxing)
 .stab          0x0000288c      0x5b8 ./src/tmp75.o
                                0xf84 (size before relaxing)
 .stab          0x00002e44      0x4b0 ./src/twimaster.o
                                0xe1c (size before relaxing)
 .stab          0x000032f4      0x360 ./src/uart.o
                                0xd20 (size before relaxing)
 .stab          0x00003654       0x9c /usr/lib/gcc/avr/4.3.5/../../../avr/lib/avr51/libc.a(strchr.o)
                                 0xa8 (size before relaxing)
 .stab          0x000036f0       0x84 /usr/lib/gcc/avr/4.3.5/../../../avr/lib/avr51/libc.a(strcmp.o)
                                 0x90 (size before relaxing)
 .stab          0x00003774      0x2c4 /usr/lib/gcc/avr/4.3.5/../../../avr/lib/avr51/libc.a(iob.o)
                                0x30c (size before relaxing)
 .stab          0x00003a38      0x18c /usr/lib/gcc/avr/4.3.5/../../../avr/lib/avr51/libc.a(printf.o)
                                0x36c (size before relaxing)
 .stab          0x00003bc4      0x1d4 /usr/lib/gcc/avr/4.3.5/../../../avr/lib/avr51/libc.a(puts.o)
                                0x3b4 (size before relaxing)
 .stab          0x00003d98      0x1e0 /usr/lib/gcc/avr/4.3.5/../../../avr/lib/avr51/libc.a(sscanf.o)
                                0x3c0 (size before relaxing)
 .stab          0x00003f78      0x960 /usr/lib/gcc/avr/4.3.5/../../../avr/lib/avr51/libc.a(vfprintf_std.o)
                                0xb58 (size before relaxing)
 .stab          0x000048d8      0xbe8 /usr/lib/gcc/avr/4.3.5/../../../avr/lib/avr51/libc.a(vfscanf_std.o)
                                0xe88 (size before relaxing)
 .stab          0x000054c0       0x9c /usr/lib/gcc/avr/4.3.5/../../../avr/lib/avr51/libc.a(isspace.o)
                                 0xa8 (size before relaxing)
 .stab          0x0000555c       0x9c /usr/lib/gcc/avr/4.3.5/../../../avr/lib/avr51/libc.a(strchr_P.o)
                                 0xa8 (size before relaxing)
 .stab          0x000055f8       0x9c /usr/lib/gcc/avr/4.3.5/../../../avr/lib/avr51/libc.a(strnlen_P.o)
                                 0xa8 (size before relaxing)
 .stab          0x00005694       0x9c /usr/lib/gcc/avr/4.3.5/../../../avr/lib/avr51/libc.a(strnlen.o)
                                 0xa8 (size before relaxing)
 .stab          0x00005730      0x24c /usr/lib/gcc/avr/4.3.5/../../../avr/lib/avr51/libc.a(fgetc.o)
                                0x42c (size before relaxing)
 .stab          0x0000597c      0x1d4 /usr/lib/gcc/avr/4.3.5/../../../avr/lib/avr51/libc.a(fputc.o)
                                0x3b4 (size before relaxing)
 .stab          0x00005b50      0x1bc /usr/lib/gcc/avr/4.3.5/../../../avr/lib/avr51/libc.a(ungetc.o)
                                0x39c (size before relaxing)
 .stab          0x00005d0c      0x480 /usr/lib/gcc/avr/4.3.5/../../../avr/lib/avr51/libc.a(ultoa_invert.o)
                                0x48c (size before relaxing)
 .stab          0x0000618c       0x60 /usr/lib/gcc/avr/4.3.5/../../../avr/lib/avr51/libc.a(cty_isfalse.o)
                                 0x6c (size before relaxing)

.stabstr        0x00000000     0x59b1
 *(.stabstr)
 .stabstr       0x00000000     0x59b1 /usr/lib/gcc/avr/4.3.5/../../../avr/lib/avr51/crtm128rfa1.o

.stab.excl
 *(.stab.excl)

.stab.exclstr
 *(.stab.exclstr)

.stab.index
 *(.stab.index)

.stab.indexstr
 *(.stab.indexstr)

.comment
 *(.comment)

.debug
 *(.debug)

.line
 *(.line)

.debug_srcinfo
 *(.debug_srcinfo)

.debug_sfnames
 *(.debug_sfnames)

.debug_aranges
 *(.debug_aranges)

.debug_pubnames
 *(.debug_pubnames)

.debug_info
 *(.debug_info)
 *(.gnu.linkonce.wi.*)

.debug_abbrev
 *(.debug_abbrev)

.debug_line
 *(.debug_line)

.debug_frame
 *(.debug_frame)

.debug_str
 *(.debug_str)

.debug_loc
 *(.debug_loc)

.debug_macinfo
 *(.debug_macinfo)
OUTPUT(UARTComm.elf elf32-avr)
LOAD linker stubs
