Archive member included because of file (symbol)

/usr/lib/gcc/avr/4.3.5/../../../avr/lib/avr51/libm.a(addsf3.o)
                              ./src/deRFaddon/util.o (__subsf3)
/usr/lib/gcc/avr/4.3.5/../../../avr/lib/avr51/libm.a(addsf3x.o)
                              /usr/lib/gcc/avr/4.3.5/../../../avr/lib/avr51/libm.a(addsf3.o) (__addsf3x)
/usr/lib/gcc/avr/4.3.5/../../../avr/lib/avr51/libm.a(divsf3.o)
                              ./src/sensn/perf_test.o (__divsf3)
/usr/lib/gcc/avr/4.3.5/../../../avr/lib/avr51/libm.a(divsf3x.o)
                              /usr/lib/gcc/avr/4.3.5/../../../avr/lib/avr51/libm.a(divsf3.o) (__divsf3x)
/usr/lib/gcc/avr/4.3.5/../../../avr/lib/avr51/libm.a(fixsfsi.o)
                              ./src/deRFaddon/util.o (__fixsfsi)
/usr/lib/gcc/avr/4.3.5/../../../avr/lib/avr51/libm.a(fixunssfsi.o)
                              ./src/sensn/perf_test.o (__fixunssfsi)
/usr/lib/gcc/avr/4.3.5/../../../avr/lib/avr51/libm.a(floatsisf.o)
                              ./src/sensn/perf_test.o (__floatunsisf)
/usr/lib/gcc/avr/4.3.5/../../../avr/lib/avr51/libm.a(fp_inf.o)
                              /usr/lib/gcc/avr/4.3.5/../../../avr/lib/avr51/libm.a(addsf3x.o) (__fp_inf)
/usr/lib/gcc/avr/4.3.5/../../../avr/lib/avr51/libm.a(fp_nan.o)
                              /usr/lib/gcc/avr/4.3.5/../../../avr/lib/avr51/libm.a(addsf3x.o) (__fp_nan)
/usr/lib/gcc/avr/4.3.5/../../../avr/lib/avr51/libm.a(fp_pscA.o)
                              /usr/lib/gcc/avr/4.3.5/../../../avr/lib/avr51/libm.a(addsf3x.o) (__fp_pscA)
/usr/lib/gcc/avr/4.3.5/../../../avr/lib/avr51/libm.a(fp_pscB.o)
                              /usr/lib/gcc/avr/4.3.5/../../../avr/lib/avr51/libm.a(addsf3x.o) (__fp_pscB)
/usr/lib/gcc/avr/4.3.5/../../../avr/lib/avr51/libm.a(fp_round.o)
                              /usr/lib/gcc/avr/4.3.5/../../../avr/lib/avr51/libm.a(addsf3.o) (__fp_round)
/usr/lib/gcc/avr/4.3.5/../../../avr/lib/avr51/libm.a(fp_split3.o)
                              /usr/lib/gcc/avr/4.3.5/../../../avr/lib/avr51/libm.a(addsf3x.o) (__fp_split3)
/usr/lib/gcc/avr/4.3.5/../../../avr/lib/avr51/libm.a(fp_zero.o)
                              /usr/lib/gcc/avr/4.3.5/../../../avr/lib/avr51/libm.a(addsf3x.o) (__fp_zero)
/usr/lib/gcc/avr/4.3.5/../../../avr/lib/avr51/libm.a(mulsf3.o)
                              ./src/sensn/perf_test.o (__mulsf3)
/usr/lib/gcc/avr/4.3.5/../../../avr/lib/avr51/libm.a(mulsf3x.o)
                              /usr/lib/gcc/avr/4.3.5/../../../avr/lib/avr51/libm.a(mulsf3.o) (__mulsf3x)
/usr/lib/gcc/avr/4.3.5/avr51/libgcc.a(_mulsi3.o)
                              ./src/deRFaddon/util.o (__mulsi3)
/usr/lib/gcc/avr/4.3.5/avr51/libgcc.a(_udivmodhi4.o)
                              ./src/radio.o (__udivmodhi4)
/usr/lib/gcc/avr/4.3.5/avr51/libgcc.a(_divmodhi4.o)
                              ./src/mac_event.o (__divmodhi4)
/usr/lib/gcc/avr/4.3.5/avr51/libgcc.a(_udivmodsi4.o)
                              ./src/deRFaddon/uart.o (__udivmodsi4)
/usr/lib/gcc/avr/4.3.5/avr51/libgcc.a(_exit.o)
                              /usr/lib/gcc/avr/4.3.5/../../../avr/lib/avr51/crtm128rfa1.o (exit)
/usr/lib/gcc/avr/4.3.5/avr51/libgcc.a(_clear_bss.o)
                              ./src/avr_sixlowpan.o (__do_clear_bss)
/usr/lib/gcc/avr/4.3.5/avr51/libgcc.a(_lshrdi3.o)
                              ./src/rum_application.o (__lshrdi3)
/usr/lib/gcc/avr/4.3.5/../../../avr/lib/avr51/libc.a(atoi.o)
                              ./src/rum_application.o (atoi)
/usr/lib/gcc/avr/4.3.5/../../../avr/lib/avr51/libc.a(memcpy.o)
                              ./src/hal_avr.o (memcpy)
/usr/lib/gcc/avr/4.3.5/../../../avr/lib/avr51/libc.a(strchr.o)
                              ./src/sensn/app_fh_com.o (strchr)
/usr/lib/gcc/avr/4.3.5/../../../avr/lib/avr51/libc.a(strcmp.o)
                              ./src/sensn/app_fh_com.o (strcmp)
/usr/lib/gcc/avr/4.3.5/../../../avr/lib/avr51/libc.a(strcpy.o)
                              ./src/avr_sixlowpan_application.o (strcpy)
/usr/lib/gcc/avr/4.3.5/../../../avr/lib/avr51/libc.a(itoa.o)
                              ./src/deRFaddon/queue.o (itoa)
/usr/lib/gcc/avr/4.3.5/../../../avr/lib/avr51/libc.a(mul10.o)
                              /usr/lib/gcc/avr/4.3.5/../../../avr/lib/avr51/libc.a(atoi.o) (__mulhi_const_10)
/usr/lib/gcc/avr/4.3.5/../../../avr/lib/avr51/libc.a(fprintf.o)
                              ./src/mac_scan.o (fprintf)
/usr/lib/gcc/avr/4.3.5/../../../avr/lib/avr51/libc.a(fputs.o)
                              ./src/mac_data.o (fputs)
/usr/lib/gcc/avr/4.3.5/../../../avr/lib/avr51/libc.a(iob.o)
                              ./src/mac_data.o (__iob)
/usr/lib/gcc/avr/4.3.5/../../../avr/lib/avr51/libc.a(printf.o)
                              ./src/rum_application.o (printf)
/usr/lib/gcc/avr/4.3.5/../../../avr/lib/avr51/libc.a(puts.o)
                              ./src/avr_sixlowpan.o (puts)
/usr/lib/gcc/avr/4.3.5/../../../avr/lib/avr51/libc.a(sprintf.o)
                              ./src/avr_sixlowpan_application.o (sprintf)
/usr/lib/gcc/avr/4.3.5/../../../avr/lib/avr51/libc.a(sscanf.o)
                              ./src/sensn/app_fh_com.o (sscanf)
/usr/lib/gcc/avr/4.3.5/../../../avr/lib/avr51/libc.a(vfprintf_std.o)
                              /usr/lib/gcc/avr/4.3.5/../../../avr/lib/avr51/libc.a(fprintf.o) (vfprintf)
/usr/lib/gcc/avr/4.3.5/../../../avr/lib/avr51/libc.a(vfscanf_std.o)
                              /usr/lib/gcc/avr/4.3.5/../../../avr/lib/avr51/libc.a(sscanf.o) (vfscanf)
/usr/lib/gcc/avr/4.3.5/../../../avr/lib/avr51/libc.a(eerd_block_atmega128rfa1.o)
                              ./src/hal_avr.o (__eerd_block_m128rfa1)
/usr/lib/gcc/avr/4.3.5/../../../avr/lib/avr51/libc.a(eewr_block_atmega128rfa1.o)
                              ./src/hal_avr.o (__eewr_block_m128rfa1)
/usr/lib/gcc/avr/4.3.5/../../../avr/lib/avr51/libc.a(eewr_byte_atmega128rfa1.o)
                              /usr/lib/gcc/avr/4.3.5/../../../avr/lib/avr51/libc.a(eewr_block_atmega128rfa1.o) (__eewr_r18_m128rfa1)
/usr/lib/gcc/avr/4.3.5/../../../avr/lib/avr51/libc.a(isspace.o)
                              /usr/lib/gcc/avr/4.3.5/../../../avr/lib/avr51/libc.a(vfscanf_std.o) (isspace)
/usr/lib/gcc/avr/4.3.5/../../../avr/lib/avr51/libc.a(strchr_P.o)
                              /usr/lib/gcc/avr/4.3.5/../../../avr/lib/avr51/libc.a(vfscanf_std.o) (strchr_P)
/usr/lib/gcc/avr/4.3.5/../../../avr/lib/avr51/libc.a(strnlen_P.o)
                              /usr/lib/gcc/avr/4.3.5/../../../avr/lib/avr51/libc.a(vfprintf_std.o) (strnlen_P)
/usr/lib/gcc/avr/4.3.5/../../../avr/lib/avr51/libc.a(strnlen.o)
                              /usr/lib/gcc/avr/4.3.5/../../../avr/lib/avr51/libc.a(vfprintf_std.o) (strnlen)
/usr/lib/gcc/avr/4.3.5/../../../avr/lib/avr51/libc.a(strrev.o)
                              /usr/lib/gcc/avr/4.3.5/../../../avr/lib/avr51/libc.a(itoa.o) (strrev)
/usr/lib/gcc/avr/4.3.5/../../../avr/lib/avr51/libc.a(fgetc.o)
                              /usr/lib/gcc/avr/4.3.5/../../../avr/lib/avr51/libc.a(vfscanf_std.o) (fgetc)
/usr/lib/gcc/avr/4.3.5/../../../avr/lib/avr51/libc.a(fputc.o)
                              /usr/lib/gcc/avr/4.3.5/../../../avr/lib/avr51/libc.a(vfprintf_std.o) (fputc)
/usr/lib/gcc/avr/4.3.5/../../../avr/lib/avr51/libc.a(ungetc.o)
                              /usr/lib/gcc/avr/4.3.5/../../../avr/lib/avr51/libc.a(vfscanf_std.o) (ungetc)
/usr/lib/gcc/avr/4.3.5/../../../avr/lib/avr51/libc.a(ultoa_invert.o)
                              /usr/lib/gcc/avr/4.3.5/../../../avr/lib/avr51/libc.a(vfprintf_std.o) (__ultoa_invert)
/usr/lib/gcc/avr/4.3.5/../../../avr/lib/avr51/libc.a(cty_isfalse.o)
                              /usr/lib/gcc/avr/4.3.5/../../../avr/lib/avr51/libc.a(isspace.o) (__ctype_isfalse)

Allocating common symbols
Common symbol       size              file

event_queue         0x66              ./src/mac_event.o
s_send              0x56              ./src/sensn/perf_test.o
dataConfiguration   0x3b              ./src/deRFaddon/data.o
mac_buffer_rx       0x82              ./src/mac.o
dest_addr_ping      0x2               ./src/sensn/app_ping.o
mac_buffer_tx       0x82              ./src/mac.o
context_prefix      0x6               ./src/avr_sixlowpan.o
macConfig           0x19              ./src/mac.o
command             0x14              ./src/sensn/app_fh_com.o
txBuf               0x7f              ./src/avr_sixlowpan.o
appInterval         0x2               ./src/sensors.o
frameInterval       0x2               ./src/sensors.o
hdlcDataBufferTransmit
                    0x6e              ./src/deRFaddon/deRFapplication.o
raute_pos           0x1               ./src/sensn/app_fh_com.o
utimer              0x1               ./src/sensn/app_ping.o
rx_mode             0x1               ./src/radio.o
hdlcDataBufferReceive
                    0x6e              ./src/deRFaddon/deRFapplication.o
time_test           0x2               ./src/sensn/perf_test.o
SerialFrame         0x0               ./src/serial.o
paraBuffer          0x50              ./src/sensn/app_fh_com.o
counter             0x1               ./src/deRFaddon/bmm.o
netto_troughput     0x2               ./src/sensn/perf_test.o
panDescriptor       0x16              ./src/mac_scan.o
time_from           0x2               ./src/sensn/perf_test.o
uart_queue          0x3ea             ./src/deRFaddon/queue.o
debugStr            0x28              ./src/mac.o
mac_ptr             0x2               ./src/avr_sixlowpan.o
mac_hdr_len         0x1               ./src/avr_sixlowpan.o
mac_len             0x1               ./src/avr_sixlowpan.o
mac_buf             0x56              ./src/sensn/perf_test.o
gotPanCoordPing     0x1               ./src/rum_application.o
__iob               0x6               /usr/lib/gcc/avr/4.3.5/../../../avr/lib/avr51/libc.a(iob.o)

Memory Configuration

Name             Origin             Length             Attributes
text             0x0000000000000000 0x0000000000020000 xr
data             0x0000000000800060 0x000000000000ffa0 rw !x
eeprom           0x0000000000810000 0x0000000000010000 rw !x
fuse             0x0000000000820000 0x0000000000000400 rw !x
lock             0x0000000000830000 0x0000000000000400 rw !x
signature        0x0000000000840000 0x0000000000000400 rw !x
*default*        0x0000000000000000 0xffffffffffffffff

Linker script and memory map

Address of section .data set to 0x800200
LOAD /usr/lib/gcc/avr/4.3.5/../../../avr/lib/avr51/crtm128rfa1.o
Address of section .data set to 0x800200
LOAD ./src/avr_sixlowpan.o
LOAD ./src/avr_sixlowpan_application.o
LOAD ./src/avr_timer.o
LOAD ./src/hal_avr.o
LOAD ./src/mac.o
LOAD ./src/mac_associate.o
LOAD ./src/mac_beacon.o
LOAD ./src/mac_data.o
LOAD ./src/mac_event.o
LOAD ./src/mac_route.o
LOAD ./src/mac_scan.o
LOAD ./src/mac_start.o
LOAD ./src/main.o
LOAD ./src/radio.o
LOAD ./src/rum_application.o
LOAD ./src/sensors.o
LOAD ./src/serial.o
LOAD ./src/sleep.o
LOAD ./src/sensn/app_fh_com.o
LOAD ./src/sensn/app_interface.o
LOAD ./src/sensn/app_ping.o
LOAD ./src/sensn/perf_test.o
LOAD ./src/deRFaddon/bmm.o
LOAD ./src/deRFaddon/data.o
LOAD ./src/deRFaddon/deRFapplication.o
LOAD ./src/deRFaddon/hdlc_light.o
LOAD ./src/deRFaddon/io_access.o
LOAD ./src/deRFaddon/link_quality.o
LOAD ./src/deRFaddon/queue.o
LOAD ./src/deRFaddon/status.o
LOAD ./src/deRFaddon/uart.o
LOAD ./src/deRFaddon/usb.o
LOAD ./src/deRFaddon/util.o
LOAD /usr/lib/gcc/avr/4.3.5/../../../avr/lib/avr51/libm.a
LOAD /usr/lib/gcc/avr/4.3.5/avr51/libgcc.a
LOAD /usr/lib/gcc/avr/4.3.5/../../../avr/lib/avr51/libm.a
LOAD /usr/lib/gcc/avr/4.3.5/avr51/libgcc.a
LOAD /usr/lib/gcc/avr/4.3.5/../../../avr/lib/avr51/libc.a
LOAD /usr/lib/gcc/avr/4.3.5/avr51/libgcc.a

.hash
 *(.hash)

.dynsym
 *(.dynsym)

.dynstr
 *(.dynstr)

.gnu.version
 *(.gnu.version)

.gnu.version_d
 *(.gnu.version_d)

.gnu.version_r
 *(.gnu.version_r)

.rel.init
 *(.rel.init)

.rela.init
 *(.rela.init)

.rel.text
 *(.rel.text)
 *(.rel.text.*)
 *(.rel.gnu.linkonce.t*)

.rela.text
 *(.rela.text)
 *(.rela.text.*)
 *(.rela.gnu.linkonce.t*)

.rel.fini
 *(.rel.fini)

.rela.fini
 *(.rela.fini)

.rel.rodata
 *(.rel.rodata)
 *(.rel.rodata.*)
 *(.rel.gnu.linkonce.r*)

.rela.rodata
 *(.rela.rodata)
 *(.rela.rodata.*)
 *(.rela.gnu.linkonce.r*)

.rel.data
 *(.rel.data)
 *(.rel.data.*)
 *(.rel.gnu.linkonce.d*)

.rela.data
 *(.rela.data)
 *(.rela.data.*)
 *(.rela.gnu.linkonce.d*)

.rel.ctors
 *(.rel.ctors)

.rela.ctors
 *(.rela.ctors)

.rel.dtors
 *(.rel.dtors)

.rela.dtors
 *(.rela.dtors)

.rel.got
 *(.rel.got)

.rela.got
 *(.rela.got)

.rel.bss
 *(.rel.bss)

.rela.bss
 *(.rela.bss)

.rel.plt
 *(.rel.plt)

.rela.plt
 *(.rela.plt)

.text           0x0000000000000000     0x6c0e
 *(.vectors)
 .vectors       0x0000000000000000      0x120 /usr/lib/gcc/avr/4.3.5/../../../avr/lib/avr51/crtm128rfa1.o
                0x0000000000000000                __vectors
                0x0000000000000000                __vector_default
 *(.vectors)
 *(.progmem.gcc*)
 *(.progmem*)
 .progmem.data  0x0000000000000120        0xc /usr/lib/gcc/avr/4.3.5/../../../avr/lib/avr51/libc.a(vfscanf_std.o)
                0x000000000000012c                . = ALIGN (0x2)
                0x000000000000012c                __trampolines_start = .
 *(.trampolines)
 .trampolines   0x000000000000012c        0x0 linker stubs
 *(.trampolines*)
                0x000000000000012c                __trampolines_end = .
 *(.jumptables)
 *(.jumptables*)
 *(.lowtext)
 *(.lowtext*)
                0x000000000000012c                __ctors_start = .
 *(.ctors)
                0x000000000000012c                __ctors_end = .
                0x000000000000012c                __dtors_start = .
 *(.dtors)
                0x000000000000012c                __dtors_end = .
 SORT(*)(.ctors)
 SORT(*)(.dtors)
 *(.init0)
 .init0         0x000000000000012c        0x0 /usr/lib/gcc/avr/4.3.5/../../../avr/lib/avr51/crtm128rfa1.o
                0x000000000000012c                __init
 *(.init0)
 *(.init1)
 *(.init1)
 *(.init2)
 .init2         0x000000000000012c        0xc /usr/lib/gcc/avr/4.3.5/../../../avr/lib/avr51/crtm128rfa1.o
 *(.init2)
 *(.init3)
 .init3         0x0000000000000138       0x12 ./src/main.o
                0x0000000000000138                disable_wdt
 *(.init3)
 *(.init4)
 .init4         0x000000000000014a       0x1a /usr/lib/gcc/avr/4.3.5/../../../avr/lib/avr51/crtm128rfa1.o
                0x000000000000014a                __do_copy_data
 .init4         0x0000000000000164       0x10 /usr/lib/gcc/avr/4.3.5/avr51/libgcc.a(_clear_bss.o)
                0x0000000000000164                __do_clear_bss
 *(.init4)
 *(.init5)
 *(.init5)
 *(.init6)
 *(.init6)
 *(.init7)
 *(.init7)
 *(.init8)
 *(.init8)
 *(.init9)
 .init9         0x0000000000000174        0x8 /usr/lib/gcc/avr/4.3.5/../../../avr/lib/avr51/crtm128rfa1.o
 *(.init9)
 *(.text)
 .text          0x000000000000017c        0x4 /usr/lib/gcc/avr/4.3.5/../../../avr/lib/avr51/crtm128rfa1.o
                0x000000000000017c                __vector_38
                0x000000000000017c                __vector_22
                0x000000000000017c                __vector_28
                0x000000000000017c                __vector_67
                0x000000000000017c                __vector_1
                0x000000000000017c                __vector_34
                0x000000000000017c                __vector_62
                0x000000000000017c                __vector_24
                0x000000000000017c                __vector_12
                0x000000000000017c                __vector_55
                0x000000000000017c                __vector_69
                0x000000000000017c                __vector_46
                0x000000000000017c                __bad_interrupt
                0x000000000000017c                __vector_6
                0x000000000000017c                __vector_31
                0x000000000000017c                __vector_35
                0x000000000000017c                __vector_39
                0x000000000000017c                __vector_3
                0x000000000000017c                __vector_23
                0x000000000000017c                __vector_68
                0x000000000000017c                __vector_30
                0x000000000000017c                __vector_45
                0x000000000000017c                __vector_11
                0x000000000000017c                __vector_54
                0x000000000000017c                __vector_13
                0x000000000000017c                __vector_17
                0x000000000000017c                __vector_19
                0x000000000000017c                __vector_56
                0x000000000000017c                __vector_7
                0x000000000000017c                __vector_49
                0x000000000000017c                __vector_41
                0x000000000000017c                __vector_43
                0x000000000000017c                __vector_27
                0x000000000000017c                __vector_5
                0x000000000000017c                __vector_33
                0x000000000000017c                __vector_47
                0x000000000000017c                __vector_52
                0x000000000000017c                __vector_4
                0x000000000000017c                __vector_44
                0x000000000000017c                __vector_51
                0x000000000000017c                __vector_9
                0x000000000000017c                __vector_2
                0x000000000000017c                __vector_21
                0x000000000000017c                __vector_15
                0x000000000000017c                __vector_66
                0x000000000000017c                __vector_70
                0x000000000000017c                __vector_29
                0x000000000000017c                __vector_40
                0x000000000000017c                __vector_8
                0x000000000000017c                __vector_26
                0x000000000000017c                __vector_48
                0x000000000000017c                __vector_14
                0x000000000000017c                __vector_53
                0x000000000000017c                __vector_10
                0x000000000000017c                __vector_50
                0x000000000000017c                __vector_16
                0x000000000000017c                __vector_18
                0x000000000000017c                __vector_20
                0x000000000000017c                __vector_42
                0x000000000000017c                __vector_65
 .text          0x0000000000000180      0xcfc ./src/avr_sixlowpan.o
                0x0000000000000180                sixlowpan_init
                0x0000000000000194                sixlowpan_hc01_ping_setup_ipglobal
                0x00000000000001f4                sixlowpan_hc01_udp_setup_ipglobal
                0x0000000000000232                sixlowpan_hc01_udp_setup_iplocal
                0x000000000000026e                sixlowpan_hc01_udp_setup_ports
                0x0000000000000322                sixlowpan_hc01_udp_get_payloadptr
                0x000000000000032c                sixlowpan_hc01_udp_set_payloadsize
                0x000000000000034c                sixlowpan_hc01_pseudochksum
                0x000000000000067c                sixlowpan_hc01_udp_send
                0x0000000000000746                sixlowpan_hc01_ping_send
                0x00000000000007a2                sixlowpan_hc01_gen_rs
                0x0000000000000884                sixlowpan_hc01_gen_na
                0x0000000000000992                sixlowpan_hc01_process_ra
                0x0000000000000a2a                sixlowpan_hc01_process
                0x0000000000000e76                sixlowpan_DataIndication
 .text          0x0000000000000e7c      0x3c4 ./src/avr_sixlowpan_application.o
                0x0000000000000e7c                sixlowpan_tftpData
                0x0000000000000f20                sixlowpan_application_periodic
                0x0000000000000f22                sixlowpan_application_init
                0x0000000000000f24                sixlowpan_button
                0x0000000000000f58                sixlowpan_udp_usercall
                0x00000000000011b4                sixlowpan_ping_usercall
 .text          0x0000000000001240      0x394 ./src/avr_timer.o
                0x0000000000001240                macGetTime
                0x00000000000012b0                macSetLongAlarm
                0x000000000000135e                macSetAlarm
                0x0000000000001410                macTimerEnd
                0x0000000000001488                timerInit
                0x00000000000014a0                __vector_32
 .text          0x00000000000015d4      0x4e2 ./src/hal_avr.o
                0x00000000000015d4                hal_spi_init
                0x00000000000015d6                hal_init
                0x0000000000001622                hal_register_read
                0x0000000000001628                hal_register_write
                0x000000000000162e                hal_subregister_read
                0x0000000000001642                hal_subregister_write
                0x0000000000001660                hal_sram_read
                0x00000000000016ac                hal_sram_write
                0x00000000000016f6                __vector_71
                0x000000000000170a                __vector_58
                0x000000000000171e                __vector_57
                0x0000000000001732                __vector_64
                0x0000000000001746                halSetupClock
                0x0000000000001748                halPutEeprom
                0x0000000000001774                halGetEeprom
                0x00000000000017a0                calibrate_rc_osc
                0x000000000000188e                __vector_61
                0x00000000000018de                __vector_63
                0x000000000000192e                __vector_60
                0x000000000000197e                __vector_59
                0x00000000000019d2                hal_frame_write
                0x0000000000001a14                hal_frame_read
 .text          0x0000000000001ab6       0xc4 ./src/mac.o
                0x0000000000001ab6                macSetOperatingChannel
                0x0000000000001ac0                macInit
 .text          0x0000000000001b7a      0x182 ./src/mac_associate.o
                0x0000000000001b7a                macAssociationResponse
                0x0000000000001b7c                addNode
                0x0000000000001b82                macCreateRoute
                0x0000000000001b86                macGetNodeAddr
                0x0000000000001b8c                macIsChild
                0x0000000000001b90                macIsChildSleeping
                0x0000000000001b94                macAddChild
                0x0000000000001b96                macRemoveChild
                0x0000000000001b98                macGetParent
                0x0000000000001b9e                macGetTopParent
                0x0000000000001ba4                findFirstChild
                0x0000000000001baa                findNextSibling
                0x0000000000001bb0                getChildTable
                0x0000000000001bb6                macPrintTree
                0x0000000000001bb8                macNotifyDrop
                0x0000000000001bba                macGetLastRoute
                0x0000000000001bc0                macSetLastRoute
                0x0000000000001bc2                macGetNode
                0x0000000000001bc8                macInitNodes
                0x0000000000001bca                macWakeChildNode
                0x0000000000001bcc                macClearChildWakeFlag
                0x0000000000001bce                macChildIsAwake
                0x0000000000001bd8                macFirstChild
                0x0000000000001bde                macNextChild
                0x0000000000001be4                macGetHopCount
                0x0000000000001c0e                macAssociationConfirm
                0x0000000000001c30                setAssociationTimeout
                0x0000000000001c42                macAssociate
 .text          0x0000000000001cfc        0x2 ./src/mac_beacon.o
                0x0000000000001cfc                sendBeaconFrame
 .text          0x0000000000001cfe      0x312 ./src/mac_data.o
                0x0000000000001cfe                macWakeRequest
                0x0000000000001d12                macSendStoredFrame
                0x0000000000001d14                macHoldFrame
                0x0000000000001d1c                mp
                0x0000000000001dda                macPing
                0x0000000000001f58                macDataIndication
                0x0000000000001fe6                macsixlowpanDataRequest
                0x0000000000001fee                macDataRequest
                0x0000000000001ff6                macOtaDebugRequest
 .text          0x0000000000002010      0x206 ./src/mac_event.o
                0x0000000000002010                mac_event_pending
                0x0000000000002022                mac_get_event
                0x000000000000206a                mac_put_event
                0x00000000000020f0                macTask
 .text          0x0000000000002216       0x1c ./src/mac_route.o
                0x0000000000002216                macSendRoutingPacket
                0x000000000000221a                macRouteData
                0x0000000000002220                macRouteAssociateRequest
                0x0000000000002226                macRouteAssociateResponse
                0x000000000000222c                macForwardRoutingPacket
 .text          0x0000000000002232      0x2ac ./src/mac_scan.o
                0x0000000000002232                macIsScanning
                0x0000000000002238                macSetScanChannel
                0x000000000000223e                macGetScanChannel
                0x0000000000002244                macEdCallback
                0x0000000000002246                macFindClearChannel
                0x0000000000002248                mac_scanConfirm
                0x00000000000022f8                mac_logPanDescriptors
                0x0000000000002376                setScanDurationTimer
                0x0000000000002384                macScan
 .text          0x00000000000024de        0x2 ./src/mac_start.o
                0x00000000000024de                macStartCoord
 .text          0x00000000000024e0       0x76 ./src/main.o
                0x00000000000024e0                main
 .text          0x0000000000002556      0x5d0 ./src/radio.o
                0x0000000000002556                radioGetSavedRssiValue
                0x000000000000255c                radioGetSavedLqiValue
                0x0000000000002562                radioGetSavedEDValue
                0x000000000000256a                radioSetClockSpeed
                0x000000000000256e                radioResetTrx
                0x000000000000258e                radioRandom
                0x0000000000002592                radioSetBoost
                0x0000000000002594                radioSetModulation
                0x0000000000002596                radioSetup900
                0x0000000000002598                radioSetExtendedAddress
                0x00000000000025c6                radioSetShortAddress
                0x00000000000025e2                radioSetPanId
                0x00000000000025fe                radioSetDeviceRole
                0x000000000000260e                radioUseAutoTxCrc
                0x000000000000261e                radioResetStateMachine
                0x0000000000002648                radioSetTxPowerLevel
                0x000000000000266e                radioGetTrxState
                0x000000000000267c                radioIsBusy
                0x00000000000026ac                radioLeaveSleepMode
                0x00000000000026de                radioEnterSleepMode
                0x0000000000002718                radioGetRssiValue
                0x000000000000274c                radioGetOperatingChannel
                0x000000000000275a                radioSetOperatingChannel
                0x00000000000027c8                radioRxStartEvent
                0x00000000000027de                radioGetPartnum
                0x00000000000027f8                radioSetTrxState
                0x00000000000028de                radioSendData
                0x000000000000292e                radioRxEndEvent
                0x0000000000002a62                radioTrxEndEvent
                0x0000000000002ace                radioInit
 .text          0x0000000000002b26      0xd42 ./src/rum_application.o
                0x0000000000002b26                ledoff1
                0x0000000000002b2c                ledoff2
                0x0000000000002b32                ledoff3
                0x0000000000002b38                appSixlowpanPingResponse
                0x0000000000002b3a                appPacketSendSucceed
                0x0000000000002b56                appPacketSendAccessFail
                0x0000000000002b58                rf2xx_reg_dump
                0x0000000000002b5a                appDataIndication
                0x0000000000002b5c                appNodeAssociated
                0x0000000000002b5e                appClearChanFound
                0x0000000000002b60                allNodesCB
                0x0000000000002b62                allNodes
                0x0000000000002b64                printPrompt
                0x0000000000002b76                appTask
                0x00000000000031e4                appScanConfirm
                0x0000000000003280                appChildAssociated
                0x0000000000003292                appSendDataFrame
                0x00000000000032ae                appPingReq
                0x000000000000333a                blink1
                0x000000000000334c                doPing
                0x0000000000003372                checkEeprom
                0x0000000000003438                appInit
                0x0000000000003464                appAssociate
                0x00000000000035ae                appAssociateConfirm
                0x000000000000365c                sappStartScan
                0x000000000000366c                appPacketSendFailed
                0x000000000000371c                appPingRsp
 .text          0x0000000000003868        0xc ./src/sensors.o
                0x0000000000003868                twiInit
                0x000000000000386a                twiWrite
                0x000000000000386c                sensorGetName
                0x0000000000003872                sensorSendSetNodeName
 .text          0x0000000000003874      0x31e ./src/serial.o
                0x0000000000003874                serial_init
                0x00000000000038ac                serial_shutdown
                0x00000000000038b2                serial_putchar
                0x0000000000003934                serial_puts
                0x000000000000394e                serial_ischar
                0x000000000000396a                rx_buf_count
                0x0000000000003986                tx_buf_has_char
                0x00000000000039a2                get_tx_char
                0x00000000000039cc                serial_getchar
                0x0000000000003a12                serial_gets
                0x0000000000003a80                serial_toggle_pause
                0x0000000000003a92                add_char_to_rx
                0x0000000000003a94                serial_rcv_frame
                0x0000000000003a98                serial_send_frame
                0x0000000000003a9a                __vector_36
                0x0000000000003b20                __vector_37
 .text          0x0000000000003b92        0x2 ./src/sleep.o
                0x0000000000003b92                nodeSleep
 .text          0x0000000000003b94      0x200 ./src/sensn/app_fh_com.o
                0x0000000000003b94                __vector_25
                0x0000000000003c6c                fh_com_looptask
 .text          0x0000000000003d94      0x18e ./src/sensn/app_interface.o
                0x0000000000003d94                setButtonDebounce
                0x0000000000003d9a                process_endnode_udp_packet_SN
                0x0000000000003e46                process_coord_udp_packet_SN
                0x0000000000003eb2                loopTask
                0x0000000000003ee0                alive_pulse
                0x0000000000003ef8                appStartScan
                0x0000000000003f04                app_init
 .text          0x0000000000003f22      0x2d0 ./src/sensn/app_ping.o
                0x0000000000003f22                app_ping_device_process
                0x000000000000400c                app_ping_coord_process
                0x00000000000040f6                sendPing
                0x00000000000041c8                ping_button_ev
 .text          0x00000000000041f2      0x244 ./src/sensn/perf_test.o
                0x00000000000041f2                perf_init
                0x00000000000041f8                compare_test_data
                0x00000000000043ae                send_test_data
                0x00000000000043f2                perf_loop_task
                0x0000000000004400                perf_button_ev
 .text          0x0000000000004436       0xcc ./src/deRFaddon/bmm.o
                0x0000000000004436                bmm_buffer_init
                0x0000000000004456                bmm_buffer_alloc
                0x00000000000044aa                bmm_buffer_free
                0x00000000000044fc                number_of_free_buffers
 .text          0x0000000000004502      0x6fa ./src/deRFaddon/data.o
                0x0000000000004502                set_output
                0x000000000000469e                read_io
                0x0000000000004784                check_input
                0x0000000000004816                check_temp_and_vcc
                0x0000000000004996                check_io_components
                0x0000000000004b08                evaluate_data_frame
 .text          0x0000000000004bfc      0x192 ./src/deRFaddon/deRFapplication.o
                0x0000000000004bfc                process_coord_udp_packet
                0x0000000000004bfe                process_incoming_user_data
                0x0000000000004c00                getNodeAddressByMAC
                0x0000000000004c06                getMACAddressBySA
                0x0000000000004c0c                send_node_info
                0x0000000000004c0e                send_data_wired
                0x0000000000004c1e                send_data_wireless
                0x0000000000004c6a                evaluate_wired_data
                0x0000000000004cd6                wired_packet_task
                0x0000000000004cde                hdlc_init
                0x0000000000004ce4                process_endnode_udp_packet
 .text          0x0000000000004d8e      0x476 ./src/deRFaddon/hdlc_light.o
                0x0000000000004d8e                protocol_init
                0x0000000000004e16                protocol_exit
                0x0000000000004e24                protocol_add
                0x0000000000004f06                protocol_remove
                0x0000000000004f36                protocol_set_buffer
                0x0000000000004fbc                protocol_send
                0x0000000000005104                protocol_receive
 .text          0x0000000000005204      0x178 ./src/deRFaddon/io_access.o
                0x0000000000005204                button_pressed
                0x0000000000005252                led_set
                0x000000000000532a                stb_status_temperature
 .text          0x000000000000537c        0xc ./src/deRFaddon/link_quality.o
                0x000000000000537c                check_and_save_quality_values
                0x000000000000537e                setup_info_for_request
                0x0000000000005382                evaluate_quality_request
                0x0000000000005384                evaluate_quality_response
                0x0000000000005386                send_quality_request
 .text          0x0000000000005388      0x1e2 ./src/deRFaddon/queue.o
                0x0000000000005388                queue_char_pending
                0x000000000000539a                queue_put_char
                0x00000000000053e8                queue_put_char_std
                0x00000000000053f8                queue_get_char
                0x0000000000005436                queue_get_char_std
                0x000000000000543e                queue_put_string
                0x000000000000545e                queue_task
                0x000000000000547a                queue_put_dec32
                0x00000000000054d6                queue_put_dec16
                0x0000000000005524                queue_put_dec8
 .text          0x000000000000556a       0x12 ./src/deRFaddon/status.o
                0x000000000000556a                led_3_off
                0x000000000000556c                blink_led_3
                0x000000000000556e                evaluate_status_request
                0x0000000000005570                evaluate_status_response
                0x0000000000005572                init_status_timer
                0x0000000000005574                status_timer_enable
                0x0000000000005576                status_timer_disable
                0x0000000000005578                is_status_active
 .text          0x000000000000557c       0xb4 ./src/deRFaddon/uart.o
                0x000000000000557c                uart_init
                0x00000000000055de                uart_keypressed
                0x00000000000055ea                uart_getc
                0x00000000000055fa                uart_getc_std
                0x000000000000560a                uart_putc
                0x000000000000561e                uart_putc_std
 .text          0x0000000000005630       0x16 ./src/deRFaddon/usb.o
                0x0000000000005630                usb_init
                0x0000000000005632                usb_keypressed
                0x0000000000005636                usb_putc_std
                0x000000000000563c                usb_putc
                0x0000000000005640                usb_getc_std
 .text          0x0000000000005646      0x150 ./src/deRFaddon/util.o
                0x0000000000005646                pwr_read_adc
                0x00000000000056a2                init_adc
                0x00000000000056b8                temp_get_degrcelc
                0x0000000000005702                get_vcc
 .text          0x0000000000005796        0x0 /usr/lib/gcc/avr/4.3.5/../../../avr/lib/avr51/libm.a(addsf3.o)
 .text          0x0000000000005796        0x0 /usr/lib/gcc/avr/4.3.5/../../../avr/lib/avr51/libm.a(addsf3x.o)
 .text          0x0000000000005796        0x0 /usr/lib/gcc/avr/4.3.5/../../../avr/lib/avr51/libm.a(divsf3.o)
 .text          0x0000000000005796        0x0 /usr/lib/gcc/avr/4.3.5/../../../avr/lib/avr51/libm.a(divsf3x.o)
 .text          0x0000000000005796        0x0 /usr/lib/gcc/avr/4.3.5/../../../avr/lib/avr51/libm.a(fixsfsi.o)
 .text          0x0000000000005796        0x0 /usr/lib/gcc/avr/4.3.5/../../../avr/lib/avr51/libm.a(fixunssfsi.o)
 .text          0x0000000000005796        0x0 /usr/lib/gcc/avr/4.3.5/../../../avr/lib/avr51/libm.a(floatsisf.o)
 .text          0x0000000000005796        0x0 /usr/lib/gcc/avr/4.3.5/../../../avr/lib/avr51/libm.a(fp_inf.o)
 .text          0x0000000000005796        0x0 /usr/lib/gcc/avr/4.3.5/../../../avr/lib/avr51/libm.a(fp_nan.o)
 .text          0x0000000000005796        0x0 /usr/lib/gcc/avr/4.3.5/../../../avr/lib/avr51/libm.a(fp_pscA.o)
 .text          0x0000000000005796        0x0 /usr/lib/gcc/avr/4.3.5/../../../avr/lib/avr51/libm.a(fp_pscB.o)
 .text          0x0000000000005796        0x0 /usr/lib/gcc/avr/4.3.5/../../../avr/lib/avr51/libm.a(fp_round.o)
 .text          0x0000000000005796        0x0 /usr/lib/gcc/avr/4.3.5/../../../avr/lib/avr51/libm.a(fp_split3.o)
 .text          0x0000000000005796        0x0 /usr/lib/gcc/avr/4.3.5/../../../avr/lib/avr51/libm.a(fp_zero.o)
 .text          0x0000000000005796        0x0 /usr/lib/gcc/avr/4.3.5/../../../avr/lib/avr51/libm.a(mulsf3.o)
 .text          0x0000000000005796        0x0 /usr/lib/gcc/avr/4.3.5/../../../avr/lib/avr51/libm.a(mulsf3x.o)
 .text          0x0000000000005796        0x0 /usr/lib/gcc/avr/4.3.5/avr51/libgcc.a(_mulsi3.o)
 .text          0x0000000000005796        0x0 /usr/lib/gcc/avr/4.3.5/avr51/libgcc.a(_udivmodhi4.o)
 .text          0x0000000000005796        0x0 /usr/lib/gcc/avr/4.3.5/avr51/libgcc.a(_divmodhi4.o)
 .text          0x0000000000005796        0x0 /usr/lib/gcc/avr/4.3.5/avr51/libgcc.a(_udivmodsi4.o)
 .text          0x0000000000005796        0x0 /usr/lib/gcc/avr/4.3.5/avr51/libgcc.a(_exit.o)
 .text          0x0000000000005796        0x0 /usr/lib/gcc/avr/4.3.5/avr51/libgcc.a(_clear_bss.o)
 .text          0x0000000000005796       0xfe /usr/lib/gcc/avr/4.3.5/avr51/libgcc.a(_lshrdi3.o)
                0x0000000000005796                __lshrdi3
 .text          0x0000000000005894        0x0 /usr/lib/gcc/avr/4.3.5/../../../avr/lib/avr51/libc.a(atoi.o)
 .text          0x0000000000005894        0x0 /usr/lib/gcc/avr/4.3.5/../../../avr/lib/avr51/libc.a(memcpy.o)
 .text          0x0000000000005894        0x0 /usr/lib/gcc/avr/4.3.5/../../../avr/lib/avr51/libc.a(strchr.o)
 .text          0x0000000000005894        0x0 /usr/lib/gcc/avr/4.3.5/../../../avr/lib/avr51/libc.a(strcmp.o)
 .text          0x0000000000005894        0x0 /usr/lib/gcc/avr/4.3.5/../../../avr/lib/avr51/libc.a(strcpy.o)
 .text          0x0000000000005894        0x0 /usr/lib/gcc/avr/4.3.5/../../../avr/lib/avr51/libc.a(itoa.o)
 .text          0x0000000000005894        0x0 /usr/lib/gcc/avr/4.3.5/../../../avr/lib/avr51/libc.a(mul10.o)
 .text          0x0000000000005894        0x0 /usr/lib/gcc/avr/4.3.5/../../../avr/lib/avr51/libc.a(fprintf.o)
 .text          0x0000000000005894        0x0 /usr/lib/gcc/avr/4.3.5/../../../avr/lib/avr51/libc.a(fputs.o)
 .text          0x0000000000005894        0x0 /usr/lib/gcc/avr/4.3.5/../../../avr/lib/avr51/libc.a(iob.o)
 .text          0x0000000000005894        0x0 /usr/lib/gcc/avr/4.3.5/../../../avr/lib/avr51/libc.a(printf.o)
 .text          0x0000000000005894        0x0 /usr/lib/gcc/avr/4.3.5/../../../avr/lib/avr51/libc.a(puts.o)
 .text          0x0000000000005894        0x0 /usr/lib/gcc/avr/4.3.5/../../../avr/lib/avr51/libc.a(sprintf.o)
 .text          0x0000000000005894        0x0 /usr/lib/gcc/avr/4.3.5/../../../avr/lib/avr51/libc.a(sscanf.o)
 .text          0x0000000000005894        0x0 /usr/lib/gcc/avr/4.3.5/../../../avr/lib/avr51/libc.a(vfprintf_std.o)
 .text          0x0000000000005894        0x0 /usr/lib/gcc/avr/4.3.5/../../../avr/lib/avr51/libc.a(vfscanf_std.o)
 .text          0x0000000000005894        0x0 /usr/lib/gcc/avr/4.3.5/../../../avr/lib/avr51/libc.a(eerd_block_atmega128rfa1.o)
 .text          0x0000000000005894        0x0 /usr/lib/gcc/avr/4.3.5/../../../avr/lib/avr51/libc.a(eewr_block_atmega128rfa1.o)
 .text          0x0000000000005894        0x0 /usr/lib/gcc/avr/4.3.5/../../../avr/lib/avr51/libc.a(eewr_byte_atmega128rfa1.o)
 .text          0x0000000000005894        0x0 /usr/lib/gcc/avr/4.3.5/../../../avr/lib/avr51/libc.a(isspace.o)
 .text          0x0000000000005894        0x0 /usr/lib/gcc/avr/4.3.5/../../../avr/lib/avr51/libc.a(strchr_P.o)
 .text          0x0000000000005894        0x0 /usr/lib/gcc/avr/4.3.5/../../../avr/lib/avr51/libc.a(strnlen_P.o)
 .text          0x0000000000005894        0x0 /usr/lib/gcc/avr/4.3.5/../../../avr/lib/avr51/libc.a(strnlen.o)
 .text          0x0000000000005894        0x0 /usr/lib/gcc/avr/4.3.5/../../../avr/lib/avr51/libc.a(strrev.o)
 .text          0x0000000000005894        0x0 /usr/lib/gcc/avr/4.3.5/../../../avr/lib/avr51/libc.a(fgetc.o)
 .text          0x0000000000005894        0x0 /usr/lib/gcc/avr/4.3.5/../../../avr/lib/avr51/libc.a(fputc.o)
 .text          0x0000000000005894        0x0 /usr/lib/gcc/avr/4.3.5/../../../avr/lib/avr51/libc.a(ungetc.o)
 .text          0x0000000000005894        0x0 /usr/lib/gcc/avr/4.3.5/../../../avr/lib/avr51/libc.a(ultoa_invert.o)
 .text          0x0000000000005894        0x0 /usr/lib/gcc/avr/4.3.5/../../../avr/lib/avr51/libc.a(cty_isfalse.o)
                0x0000000000005894                . = ALIGN (0x2)
 *(.text.*)
 .text.avr-libc.fplib
                0x0000000000005894        0xa /usr/lib/gcc/avr/4.3.5/../../../avr/lib/avr51/libm.a(addsf3.o)
                0x0000000000005894                __subsf3
                0x0000000000005896                __addsf3
 .text.avr-libc.fplib
                0x000000000000589e       0xc0 /usr/lib/gcc/avr/4.3.5/../../../avr/lib/avr51/libm.a(addsf3x.o)
                0x00000000000058b8                __addsf3x
 .text.avr-libc.fplib
                0x000000000000595e        0x4 /usr/lib/gcc/avr/4.3.5/../../../avr/lib/avr51/libm.a(divsf3.o)
                0x000000000000595e                __divsf3
 .text.avr-libc.fplib
                0x0000000000005962       0xcc /usr/lib/gcc/avr/4.3.5/../../../avr/lib/avr51/libm.a(divsf3x.o)
                0x0000000000005978                __divsf3x
                0x000000000000597c                __divsf3_pse
 .text.avr-libc.fplib
                0x0000000000005a2e        0xa /usr/lib/gcc/avr/4.3.5/../../../avr/lib/avr51/libm.a(fixsfsi.o)
                0x0000000000005a2e                __fixsfsi
 .text.avr-libc.fplib
                0x0000000000005a38       0x58 /usr/lib/gcc/avr/4.3.5/../../../avr/lib/avr51/libm.a(fixunssfsi.o)
                0x0000000000005a38                __fixunssfsi
 .text.avr-libc.fplib
                0x0000000000005a90       0x7a /usr/lib/gcc/avr/4.3.5/../../../avr/lib/avr51/libm.a(floatsisf.o)
                0x0000000000005a90                __floatunsisf
                0x0000000000005a94                __floatsisf
 .text.avr-libc.fplib
                0x0000000000005b0a        0xc /usr/lib/gcc/avr/4.3.5/../../../avr/lib/avr51/libm.a(fp_inf.o)
                0x0000000000005b0a                __fp_inf
 .text.avr-libc.fplib
                0x0000000000005b16        0x6 /usr/lib/gcc/avr/4.3.5/../../../avr/lib/avr51/libm.a(fp_nan.o)
                0x0000000000005b16                __fp_nan
 .text.avr-libc.fplib
                0x0000000000005b1c        0xe /usr/lib/gcc/avr/4.3.5/../../../avr/lib/avr51/libm.a(fp_pscA.o)
                0x0000000000005b1c                __fp_pscA
 .text.avr-libc.fplib
                0x0000000000005b2a        0xe /usr/lib/gcc/avr/4.3.5/../../../avr/lib/avr51/libm.a(fp_pscB.o)
                0x0000000000005b2a                __fp_pscB
 .text.avr-libc.fplib
                0x0000000000005b38       0x22 /usr/lib/gcc/avr/4.3.5/../../../avr/lib/avr51/libm.a(fp_round.o)
                0x0000000000005b38                __fp_round
 .text.avr-libc.fplib
                0x0000000000005b5a       0x44 /usr/lib/gcc/avr/4.3.5/../../../avr/lib/avr51/libm.a(fp_split3.o)
                0x0000000000005b5a                __fp_split3
                0x0000000000005b6a                __fp_splitA
 .text.avr-libc.fplib
                0x0000000000005b9e        0xe /usr/lib/gcc/avr/4.3.5/../../../avr/lib/avr51/libm.a(fp_zero.o)
                0x0000000000005b9e                __fp_zero
                0x0000000000005ba0                __fp_szero
 .text.avr-libc.fplib
                0x0000000000005bac        0x4 /usr/lib/gcc/avr/4.3.5/../../../avr/lib/avr51/libm.a(mulsf3.o)
                0x0000000000005bac                __mulsf3
 .text.avr-libc.fplib
                0x0000000000005bb0       0xc2 /usr/lib/gcc/avr/4.3.5/../../../avr/lib/avr51/libm.a(mulsf3x.o)
                0x0000000000005bc4                __mulsf3x
                0x0000000000005bc8                __mulsf3_pse
 .text.libgcc   0x0000000000005c72       0x3e /usr/lib/gcc/avr/4.3.5/avr51/libgcc.a(_mulsi3.o)
                0x0000000000005c72                __mulsi3
 .text.libgcc   0x0000000000005cb0       0x28 /usr/lib/gcc/avr/4.3.5/avr51/libgcc.a(_udivmodhi4.o)
                0x0000000000005cb0                __udivmodhi4
 .text.libgcc   0x0000000000005cd8       0x26 /usr/lib/gcc/avr/4.3.5/avr51/libgcc.a(_divmodhi4.o)
                0x0000000000005cd8                __divmodhi4
                0x0000000000005cd8                _div
 .text.libgcc   0x0000000000005cfe       0x44 /usr/lib/gcc/avr/4.3.5/avr51/libgcc.a(_udivmodsi4.o)
                0x0000000000005cfe                __udivmodsi4
 .text.libgcc   0x0000000000005d42        0x0 /usr/lib/gcc/avr/4.3.5/avr51/libgcc.a(_exit.o)
 .text.libgcc   0x0000000000005d42        0x0 /usr/lib/gcc/avr/4.3.5/avr51/libgcc.a(_clear_bss.o)
 .text.avr-libc
                0x0000000000005d42       0x3c /usr/lib/gcc/avr/4.3.5/../../../avr/lib/avr51/libc.a(atoi.o)
                0x0000000000005d42                atoi
 .text.avr-libc
                0x0000000000005d7e       0x12 /usr/lib/gcc/avr/4.3.5/../../../avr/lib/avr51/libc.a(memcpy.o)
                0x0000000000005d7e                memcpy
 .text.avr-libc
                0x0000000000005d90       0x16 /usr/lib/gcc/avr/4.3.5/../../../avr/lib/avr51/libc.a(strchr.o)
                0x0000000000005d90                strchr
 .text.avr-libc
                0x0000000000005da6       0x12 /usr/lib/gcc/avr/4.3.5/../../../avr/lib/avr51/libc.a(strcmp.o)
                0x0000000000005da6                strcmp
 .text.avr-libc
                0x0000000000005db8        0xe /usr/lib/gcc/avr/4.3.5/../../../avr/lib/avr51/libc.a(strcpy.o)
                0x0000000000005db8                strcpy
 .text.avr-libc
                0x0000000000005dc6       0x42 /usr/lib/gcc/avr/4.3.5/../../../avr/lib/avr51/libc.a(itoa.o)
                0x0000000000005dc6                itoa
 .text.avr-libc
                0x0000000000005e08       0x10 /usr/lib/gcc/avr/4.3.5/../../../avr/lib/avr51/libc.a(mul10.o)
                0x0000000000005e08                __mulhi_const_10
 .text.avr-libc
                0x0000000000005e18       0x22 /usr/lib/gcc/avr/4.3.5/../../../avr/lib/avr51/libc.a(fprintf.o)
                0x0000000000005e18                fprintf
 .text.avr-libc
                0x0000000000005e3a       0x56 /usr/lib/gcc/avr/4.3.5/../../../avr/lib/avr51/libc.a(fputs.o)
                0x0000000000005e3a                fputs
 .text.avr-libc
                0x0000000000005e90       0x24 /usr/lib/gcc/avr/4.3.5/../../../avr/lib/avr51/libc.a(printf.o)
                0x0000000000005e90                printf
 .text.avr-libc
                0x0000000000005eb4       0x6a /usr/lib/gcc/avr/4.3.5/../../../avr/lib/avr51/libc.a(puts.o)
                0x0000000000005eb4                puts
 .text.avr-libc
                0x0000000000005f1e       0x62 /usr/lib/gcc/avr/4.3.5/../../../avr/lib/avr51/libc.a(sprintf.o)
                0x0000000000005f1e                sprintf
 .text.avr-libc
                0x0000000000005f80       0x46 /usr/lib/gcc/avr/4.3.5/../../../avr/lib/avr51/libc.a(sscanf.o)
                0x0000000000005f80                sscanf
 .text.avr-libc
                0x0000000000005fc6      0x40c /usr/lib/gcc/avr/4.3.5/../../../avr/lib/avr51/libc.a(vfprintf_std.o)
                0x0000000000005fc6                vfprintf
 .text.avr-libc
                0x00000000000063d2      0x5a4 /usr/lib/gcc/avr/4.3.5/../../../avr/lib/avr51/libc.a(vfscanf_std.o)
                0x0000000000006730                vfscanf
 .text.avr-libc
                0x0000000000006976       0x20 /usr/lib/gcc/avr/4.3.5/../../../avr/lib/avr51/libc.a(eerd_block_atmega128rfa1.o)
                0x0000000000006976                __eerd_block_m128rfa1
                0x000000000000697a                __eerd_blraw_m128rfa1
 .text.avr-libc
                0x0000000000006996       0x14 /usr/lib/gcc/avr/4.3.5/../../../avr/lib/avr51/libc.a(eewr_block_atmega128rfa1.o)
                0x0000000000006996                __eewr_block_m128rfa1
 .text.avr-libc
                0x00000000000069aa       0x1c /usr/lib/gcc/avr/4.3.5/../../../avr/lib/avr51/libc.a(eewr_byte_atmega128rfa1.o)
                0x00000000000069aa                __eewr_byte_m128rfa1
                0x00000000000069ac                __eewr_r18_m128rfa1
 .text.avr-libc
                0x00000000000069c6       0x10 /usr/lib/gcc/avr/4.3.5/../../../avr/lib/avr51/libc.a(isspace.o)
                0x00000000000069c6                isspace
 .text.avr-libc
                0x00000000000069d6       0x16 /usr/lib/gcc/avr/4.3.5/../../../avr/lib/avr51/libc.a(strchr_P.o)
                0x00000000000069d6                strchr_P
 .text.avr-libc
                0x00000000000069ec       0x16 /usr/lib/gcc/avr/4.3.5/../../../avr/lib/avr51/libc.a(strnlen_P.o)
                0x00000000000069ec                strnlen_P
 .text.avr-libc
                0x0000000000006a02       0x16 /usr/lib/gcc/avr/4.3.5/../../../avr/lib/avr51/libc.a(strnlen.o)
                0x0000000000006a02                strnlen
 .text.avr-libc
                0x0000000000006a18       0x20 /usr/lib/gcc/avr/4.3.5/../../../avr/lib/avr51/libc.a(strrev.o)
                0x0000000000006a18                strrev
 .text.avr-libc
                0x0000000000006a38       0x84 /usr/lib/gcc/avr/4.3.5/../../../avr/lib/avr51/libc.a(fgetc.o)
                0x0000000000006a38                fgetc
 .text.avr-libc
                0x0000000000006abc       0x58 /usr/lib/gcc/avr/4.3.5/../../../avr/lib/avr51/libc.a(fputc.o)
                0x0000000000006abc                fputc
 .text.avr-libc
                0x0000000000006b14       0x34 /usr/lib/gcc/avr/4.3.5/../../../avr/lib/avr51/libc.a(ungetc.o)
                0x0000000000006b14                ungetc
 .text.avr-libc
                0x0000000000006b48       0xbc /usr/lib/gcc/avr/4.3.5/../../../avr/lib/avr51/libc.a(ultoa_invert.o)
                0x0000000000006b48                __ultoa_invert
 .text.avr-libc
                0x0000000000006c04        0x6 /usr/lib/gcc/avr/4.3.5/../../../avr/lib/avr51/libc.a(cty_isfalse.o)
                0x0000000000006c04                __ctype_isfalse
                0x0000000000006c08                __ctype_istrue
                0x0000000000006c0a                . = ALIGN (0x2)
 *(.fini9)
 .fini9         0x0000000000006c0a        0x0 /usr/lib/gcc/avr/4.3.5/avr51/libgcc.a(_exit.o)
                0x0000000000006c0a                exit
                0x0000000000006c0a                _exit
 *(.fini9)
 *(.fini8)
 *(.fini8)
 *(.fini7)
 *(.fini7)
 *(.fini6)
 *(.fini6)
 *(.fini5)
 *(.fini5)
 *(.fini4)
 *(.fini4)
 *(.fini3)
 *(.fini3)
 *(.fini2)
 *(.fini2)
 *(.fini1)
 *(.fini1)
 *(.fini0)
 .fini0         0x0000000000006c0a        0x4 /usr/lib/gcc/avr/4.3.5/avr51/libgcc.a(_exit.o)
 *(.fini0)
                0x0000000000006c0e                _etext = .

.data           0x0000000000800200      0x92e load address 0x0000000000006c0e
                0x0000000000800200                PROVIDE (__data_start, .)
 *(.data)
 .data          0x0000000000800200        0x0 /usr/lib/gcc/avr/4.3.5/../../../avr/lib/avr51/crtm128rfa1.o
 .data          0x0000000000800200       0x2d ./src/avr_sixlowpan.o
                0x000000000080022c                use_context
 .data          0x000000000080022d       0x71 ./src/avr_sixlowpan_application.o
                0x000000000080026e                destipAddr
                0x000000000080027e                googleipAddr
                0x000000000080028e                serveripAddr
 .data          0x000000000080029e        0x2 ./src/avr_timer.o
 .data          0x00000000008002a0        0x0 ./src/hal_avr.o
 .data          0x00000000008002a0       0x13 ./src/mac.o
 .data          0x00000000008002b3       0x22 ./src/mac_associate.o
 .data          0x00000000008002d5        0x0 ./src/mac_beacon.o
 .data          0x00000000008002d5        0x8 ./src/mac_data.o
 .data          0x00000000008002dd        0x0 ./src/mac_event.o
 .data          0x00000000008002dd        0x0 ./src/mac_route.o
 .data          0x00000000008002dd       0x25 ./src/mac_scan.o
 .data          0x0000000000800302        0x0 ./src/mac_start.o
 .data          0x0000000000800302       0x10 ./src/main.o
 .data          0x0000000000800312        0x0 ./src/radio.o
 .data          0x0000000000800312      0x505 ./src/rum_application.o
                0x0000000000800577                rf2xx_reg_names
 .data          0x0000000000800817        0x0 ./src/sensors.o
 .data          0x0000000000800817        0x0 ./src/serial.o
 .data          0x0000000000800817        0x0 ./src/sleep.o
 .data          0x0000000000800817       0x55 ./src/sensn/app_fh_com.o
 .data          0x000000000080086c       0xc1 ./src/sensn/app_interface.o
 .data          0x000000000080092d       0xb3 ./src/sensn/app_ping.o
 .data          0x00000000008009e0      0x116 ./src/sensn/perf_test.o
 .data          0x0000000000800af6        0x0 ./src/deRFaddon/bmm.o
 .data          0x0000000000800af6        0x0 ./src/deRFaddon/data.o
 .data          0x0000000000800af6       0x29 ./src/deRFaddon/deRFapplication.o
 .data          0x0000000000800b1f        0x0 ./src/deRFaddon/hdlc_light.o
 .data          0x0000000000800b1f        0x0 ./src/deRFaddon/io_access.o
 .data          0x0000000000800b1f        0x0 ./src/deRFaddon/link_quality.o
 .data          0x0000000000800b1f        0x0 ./src/deRFaddon/queue.o
 .data          0x0000000000800b1f        0x0 ./src/deRFaddon/status.o
 .data          0x0000000000800b1f        0xe ./src/deRFaddon/uart.o
                0x0000000000800b1f                uart_stream
 .data          0x0000000000800b2d        0x0 ./src/deRFaddon/usb.o
 .data          0x0000000000800b2d        0x0 ./src/deRFaddon/util.o
 .data          0x0000000000800b2d        0x0 /usr/lib/gcc/avr/4.3.5/../../../avr/lib/avr51/libm.a(addsf3.o)
 .data          0x0000000000800b2d        0x0 /usr/lib/gcc/avr/4.3.5/../../../avr/lib/avr51/libm.a(addsf3x.o)
 .data          0x0000000000800b2d        0x0 /usr/lib/gcc/avr/4.3.5/../../../avr/lib/avr51/libm.a(divsf3.o)
 .data          0x0000000000800b2d        0x0 /usr/lib/gcc/avr/4.3.5/../../../avr/lib/avr51/libm.a(divsf3x.o)
 .data          0x0000000000800b2d        0x0 /usr/lib/gcc/avr/4.3.5/../../../avr/lib/avr51/libm.a(fixsfsi.o)
 .data          0x0000000000800b2d        0x0 /usr/lib/gcc/avr/4.3.5/../../../avr/lib/avr51/libm.a(fixunssfsi.o)
 .data          0x0000000000800b2d        0x0 /usr/lib/gcc/avr/4.3.5/../../../avr/lib/avr51/libm.a(floatsisf.o)
 .data          0x0000000000800b2d        0x0 /usr/lib/gcc/avr/4.3.5/../../../avr/lib/avr51/libm.a(fp_inf.o)
 .data          0x0000000000800b2d        0x0 /usr/lib/gcc/avr/4.3.5/../../../avr/lib/avr51/libm.a(fp_nan.o)
 .data          0x0000000000800b2d        0x0 /usr/lib/gcc/avr/4.3.5/../../../avr/lib/avr51/libm.a(fp_pscA.o)
 .data          0x0000000000800b2d        0x0 /usr/lib/gcc/avr/4.3.5/../../../avr/lib/avr51/libm.a(fp_pscB.o)
 .data          0x0000000000800b2d        0x0 /usr/lib/gcc/avr/4.3.5/../../../avr/lib/avr51/libm.a(fp_round.o)
 .data          0x0000000000800b2d        0x0 /usr/lib/gcc/avr/4.3.5/../../../avr/lib/avr51/libm.a(fp_split3.o)
 .data          0x0000000000800b2d        0x0 /usr/lib/gcc/avr/4.3.5/../../../avr/lib/avr51/libm.a(fp_zero.o)
 .data          0x0000000000800b2d        0x0 /usr/lib/gcc/avr/4.3.5/../../../avr/lib/avr51/libm.a(mulsf3.o)
 .data          0x0000000000800b2d        0x0 /usr/lib/gcc/avr/4.3.5/../../../avr/lib/avr51/libm.a(mulsf3x.o)
 .data          0x0000000000800b2d        0x0 /usr/lib/gcc/avr/4.3.5/avr51/libgcc.a(_mulsi3.o)
 .data          0x0000000000800b2d        0x0 /usr/lib/gcc/avr/4.3.5/avr51/libgcc.a(_udivmodhi4.o)
 .data          0x0000000000800b2d        0x0 /usr/lib/gcc/avr/4.3.5/avr51/libgcc.a(_divmodhi4.o)
 .data          0x0000000000800b2d        0x0 /usr/lib/gcc/avr/4.3.5/avr51/libgcc.a(_udivmodsi4.o)
 .data          0x0000000000800b2d        0x0 /usr/lib/gcc/avr/4.3.5/avr51/libgcc.a(_exit.o)
 .data          0x0000000000800b2d        0x0 /usr/lib/gcc/avr/4.3.5/avr51/libgcc.a(_clear_bss.o)
 .data          0x0000000000800b2d        0x0 /usr/lib/gcc/avr/4.3.5/avr51/libgcc.a(_lshrdi3.o)
 .data          0x0000000000800b2d        0x0 /usr/lib/gcc/avr/4.3.5/../../../avr/lib/avr51/libc.a(atoi.o)
 .data          0x0000000000800b2d        0x0 /usr/lib/gcc/avr/4.3.5/../../../avr/lib/avr51/libc.a(memcpy.o)
 .data          0x0000000000800b2d        0x0 /usr/lib/gcc/avr/4.3.5/../../../avr/lib/avr51/libc.a(strchr.o)
 .data          0x0000000000800b2d        0x0 /usr/lib/gcc/avr/4.3.5/../../../avr/lib/avr51/libc.a(strcmp.o)
 .data          0x0000000000800b2d        0x0 /usr/lib/gcc/avr/4.3.5/../../../avr/lib/avr51/libc.a(strcpy.o)
 .data          0x0000000000800b2d        0x0 /usr/lib/gcc/avr/4.3.5/../../../avr/lib/avr51/libc.a(itoa.o)
 .data          0x0000000000800b2d        0x0 /usr/lib/gcc/avr/4.3.5/../../../avr/lib/avr51/libc.a(mul10.o)
 .data          0x0000000000800b2d        0x0 /usr/lib/gcc/avr/4.3.5/../../../avr/lib/avr51/libc.a(fprintf.o)
 .data          0x0000000000800b2d        0x0 /usr/lib/gcc/avr/4.3.5/../../../avr/lib/avr51/libc.a(fputs.o)
 .data          0x0000000000800b2d        0x0 /usr/lib/gcc/avr/4.3.5/../../../avr/lib/avr51/libc.a(iob.o)
 .data          0x0000000000800b2d        0x0 /usr/lib/gcc/avr/4.3.5/../../../avr/lib/avr51/libc.a(printf.o)
 .data          0x0000000000800b2d        0x0 /usr/lib/gcc/avr/4.3.5/../../../avr/lib/avr51/libc.a(puts.o)
 .data          0x0000000000800b2d        0x0 /usr/lib/gcc/avr/4.3.5/../../../avr/lib/avr51/libc.a(sprintf.o)
 .data          0x0000000000800b2d        0x0 /usr/lib/gcc/avr/4.3.5/../../../avr/lib/avr51/libc.a(sscanf.o)
 .data          0x0000000000800b2d        0x0 /usr/lib/gcc/avr/4.3.5/../../../avr/lib/avr51/libc.a(vfprintf_std.o)
 .data          0x0000000000800b2d        0x0 /usr/lib/gcc/avr/4.3.5/../../../avr/lib/avr51/libc.a(vfscanf_std.o)
 .data          0x0000000000800b2d        0x0 /usr/lib/gcc/avr/4.3.5/../../../avr/lib/avr51/libc.a(eerd_block_atmega128rfa1.o)
 .data          0x0000000000800b2d        0x0 /usr/lib/gcc/avr/4.3.5/../../../avr/lib/avr51/libc.a(eewr_block_atmega128rfa1.o)
 .data          0x0000000000800b2d        0x0 /usr/lib/gcc/avr/4.3.5/../../../avr/lib/avr51/libc.a(eewr_byte_atmega128rfa1.o)
 .data          0x0000000000800b2d        0x0 /usr/lib/gcc/avr/4.3.5/../../../avr/lib/avr51/libc.a(isspace.o)
 .data          0x0000000000800b2d        0x0 /usr/lib/gcc/avr/4.3.5/../../../avr/lib/avr51/libc.a(strchr_P.o)
 .data          0x0000000000800b2d        0x0 /usr/lib/gcc/avr/4.3.5/../../../avr/lib/avr51/libc.a(strnlen_P.o)
 .data          0x0000000000800b2d        0x0 /usr/lib/gcc/avr/4.3.5/../../../avr/lib/avr51/libc.a(strnlen.o)
 .data          0x0000000000800b2d        0x0 /usr/lib/gcc/avr/4.3.5/../../../avr/lib/avr51/libc.a(strrev.o)
 .data          0x0000000000800b2d        0x0 /usr/lib/gcc/avr/4.3.5/../../../avr/lib/avr51/libc.a(fgetc.o)
 .data          0x0000000000800b2d        0x0 /usr/lib/gcc/avr/4.3.5/../../../avr/lib/avr51/libc.a(fputc.o)
 .data          0x0000000000800b2d        0x0 /usr/lib/gcc/avr/4.3.5/../../../avr/lib/avr51/libc.a(ungetc.o)
 .data          0x0000000000800b2d        0x0 /usr/lib/gcc/avr/4.3.5/../../../avr/lib/avr51/libc.a(ultoa_invert.o)
 .data          0x0000000000800b2d        0x0 /usr/lib/gcc/avr/4.3.5/../../../avr/lib/avr51/libc.a(cty_isfalse.o)
 *(.data*)
 *(.rodata)
 *(.rodata*)
 *(.gnu.linkonce.d*)
                0x0000000000800b2e                . = ALIGN (0x2)
 *fill*         0x0000000000800b2d        0x1 00
                0x0000000000800b2e                _edata = .
                0x0000000000800b2e                PROVIDE (__data_end, .)

.bss            0x0000000000800b2e     0x1408
                0x0000000000800b2e                PROVIDE (__bss_start, .)
 *(.bss)
 .bss           0x0000000000800b2e        0x0 /usr/lib/gcc/avr/4.3.5/../../../avr/lib/avr51/crtm128rfa1.o
 .bss           0x0000000000800b2e        0x8 ./src/avr_sixlowpan.o
 .bss           0x0000000000800b36      0x12b ./src/avr_sixlowpan_application.o
                0x0000000000800b36                simulateButton
 .bss           0x0000000000800c61       0x45 ./src/avr_timer.o
 .bss           0x0000000000800ca6        0x1 ./src/hal_avr.o
 .bss           0x0000000000800ca7        0x0 ./src/mac.o
 .bss           0x0000000000800ca7        0x1 ./src/mac_associate.o
 .bss           0x0000000000800ca8        0x0 ./src/mac_beacon.o
 .bss           0x0000000000800ca8        0x4 ./src/mac_data.o
 .bss           0x0000000000800cac        0x0 ./src/mac_event.o
 .bss           0x0000000000800cac        0x0 ./src/mac_route.o
 .bss           0x0000000000800cac        0x1 ./src/mac_scan.o
 .bss           0x0000000000800cad        0x0 ./src/mac_start.o
 .bss           0x0000000000800cad        0x0 ./src/main.o
 .bss           0x0000000000800cad        0x4 ./src/radio.o
 .bss           0x0000000000800cb1        0x6 ./src/rum_application.o
 .bss           0x0000000000800cb7        0x0 ./src/sensors.o
 .bss           0x0000000000800cb7      0x108 ./src/serial.o
 .bss           0x0000000000800dbf        0x0 ./src/sleep.o
 .bss           0x0000000000800dbf      0x102 ./src/sensn/app_fh_com.o
 .bss           0x0000000000800ec1        0x4 ./src/sensn/app_interface.o
                0x0000000000800ec1                buttondebounce
                0x0000000000800ec2                stat
                0x0000000000800ec3                count
 .bss           0x0000000000800ec5        0x4 ./src/sensn/app_ping.o
                0x0000000000800ec5                pingdelay
                0x0000000000800ec7                cvar
                0x0000000000800ec8                do_
 .bss           0x0000000000800ec9        0x5 ./src/sensn/perf_test.o
                0x0000000000800ec9                pro_counter
                0x0000000000800ecb                co_counter
                0x0000000000800ecd                do__
 .bss           0x0000000000800ece      0x7bc ./src/deRFaddon/bmm.o
 .bss           0x000000000080168a        0x8 ./src/deRFaddon/data.o
 .bss           0x0000000000801692        0x0 ./src/deRFaddon/deRFapplication.o
 .bss           0x0000000000801692       0x29 ./src/deRFaddon/hdlc_light.o
 .bss           0x00000000008016bb        0x1 ./src/deRFaddon/io_access.o
 .bss           0x00000000008016bc        0x0 ./src/deRFaddon/link_quality.o
 .bss           0x00000000008016bc        0x0 ./src/deRFaddon/queue.o
 .bss           0x00000000008016bc        0x0 ./src/deRFaddon/status.o
 .bss           0x00000000008016bc        0x0 ./src/deRFaddon/uart.o
 .bss           0x00000000008016bc        0x0 ./src/deRFaddon/usb.o
 .bss           0x00000000008016bc        0x8 ./src/deRFaddon/util.o
 .bss           0x00000000008016c4        0x0 /usr/lib/gcc/avr/4.3.5/../../../avr/lib/avr51/libm.a(addsf3.o)
 .bss           0x00000000008016c4        0x0 /usr/lib/gcc/avr/4.3.5/../../../avr/lib/avr51/libm.a(addsf3x.o)
 .bss           0x00000000008016c4        0x0 /usr/lib/gcc/avr/4.3.5/../../../avr/lib/avr51/libm.a(divsf3.o)
 .bss           0x00000000008016c4        0x0 /usr/lib/gcc/avr/4.3.5/../../../avr/lib/avr51/libm.a(divsf3x.o)
 .bss           0x00000000008016c4        0x0 /usr/lib/gcc/avr/4.3.5/../../../avr/lib/avr51/libm.a(fixsfsi.o)
 .bss           0x00000000008016c4        0x0 /usr/lib/gcc/avr/4.3.5/../../../avr/lib/avr51/libm.a(fixunssfsi.o)
 .bss           0x00000000008016c4        0x0 /usr/lib/gcc/avr/4.3.5/../../../avr/lib/avr51/libm.a(floatsisf.o)
 .bss           0x00000000008016c4        0x0 /usr/lib/gcc/avr/4.3.5/../../../avr/lib/avr51/libm.a(fp_inf.o)
 .bss           0x00000000008016c4        0x0 /usr/lib/gcc/avr/4.3.5/../../../avr/lib/avr51/libm.a(fp_nan.o)
 .bss           0x00000000008016c4        0x0 /usr/lib/gcc/avr/4.3.5/../../../avr/lib/avr51/libm.a(fp_pscA.o)
 .bss           0x00000000008016c4        0x0 /usr/lib/gcc/avr/4.3.5/../../../avr/lib/avr51/libm.a(fp_pscB.o)
 .bss           0x00000000008016c4        0x0 /usr/lib/gcc/avr/4.3.5/../../../avr/lib/avr51/libm.a(fp_round.o)
 .bss           0x00000000008016c4        0x0 /usr/lib/gcc/avr/4.3.5/../../../avr/lib/avr51/libm.a(fp_split3.o)
 .bss           0x00000000008016c4        0x0 /usr/lib/gcc/avr/4.3.5/../../../avr/lib/avr51/libm.a(fp_zero.o)
 .bss           0x00000000008016c4        0x0 /usr/lib/gcc/avr/4.3.5/../../../avr/lib/avr51/libm.a(mulsf3.o)
 .bss           0x00000000008016c4        0x0 /usr/lib/gcc/avr/4.3.5/../../../avr/lib/avr51/libm.a(mulsf3x.o)
 .bss           0x00000000008016c4        0x0 /usr/lib/gcc/avr/4.3.5/avr51/libgcc.a(_mulsi3.o)
 .bss           0x00000000008016c4        0x0 /usr/lib/gcc/avr/4.3.5/avr51/libgcc.a(_udivmodhi4.o)
 .bss           0x00000000008016c4        0x0 /usr/lib/gcc/avr/4.3.5/avr51/libgcc.a(_divmodhi4.o)
 .bss           0x00000000008016c4        0x0 /usr/lib/gcc/avr/4.3.5/avr51/libgcc.a(_udivmodsi4.o)
 .bss           0x00000000008016c4        0x0 /usr/lib/gcc/avr/4.3.5/avr51/libgcc.a(_exit.o)
 .bss           0x00000000008016c4        0x0 /usr/lib/gcc/avr/4.3.5/avr51/libgcc.a(_clear_bss.o)
 .bss           0x00000000008016c4        0x0 /usr/lib/gcc/avr/4.3.5/avr51/libgcc.a(_lshrdi3.o)
 .bss           0x00000000008016c4        0x0 /usr/lib/gcc/avr/4.3.5/../../../avr/lib/avr51/libc.a(atoi.o)
 .bss           0x00000000008016c4        0x0 /usr/lib/gcc/avr/4.3.5/../../../avr/lib/avr51/libc.a(memcpy.o)
 .bss           0x00000000008016c4        0x0 /usr/lib/gcc/avr/4.3.5/../../../avr/lib/avr51/libc.a(strchr.o)
 .bss           0x00000000008016c4        0x0 /usr/lib/gcc/avr/4.3.5/../../../avr/lib/avr51/libc.a(strcmp.o)
 .bss           0x00000000008016c4        0x0 /usr/lib/gcc/avr/4.3.5/../../../avr/lib/avr51/libc.a(strcpy.o)
 .bss           0x00000000008016c4        0x0 /usr/lib/gcc/avr/4.3.5/../../../avr/lib/avr51/libc.a(itoa.o)
 .bss           0x00000000008016c4        0x0 /usr/lib/gcc/avr/4.3.5/../../../avr/lib/avr51/libc.a(mul10.o)
 .bss           0x00000000008016c4        0x0 /usr/lib/gcc/avr/4.3.5/../../../avr/lib/avr51/libc.a(fprintf.o)
 .bss           0x00000000008016c4        0x0 /usr/lib/gcc/avr/4.3.5/../../../avr/lib/avr51/libc.a(fputs.o)
 .bss           0x00000000008016c4        0x0 /usr/lib/gcc/avr/4.3.5/../../../avr/lib/avr51/libc.a(iob.o)
 .bss           0x00000000008016c4        0x0 /usr/lib/gcc/avr/4.3.5/../../../avr/lib/avr51/libc.a(printf.o)
 .bss           0x00000000008016c4        0x0 /usr/lib/gcc/avr/4.3.5/../../../avr/lib/avr51/libc.a(puts.o)
 .bss           0x00000000008016c4        0x0 /usr/lib/gcc/avr/4.3.5/../../../avr/lib/avr51/libc.a(sprintf.o)
 .bss           0x00000000008016c4        0x0 /usr/lib/gcc/avr/4.3.5/../../../avr/lib/avr51/libc.a(sscanf.o)
 .bss           0x00000000008016c4        0x0 /usr/lib/gcc/avr/4.3.5/../../../avr/lib/avr51/libc.a(vfprintf_std.o)
 .bss           0x00000000008016c4        0x0 /usr/lib/gcc/avr/4.3.5/../../../avr/lib/avr51/libc.a(vfscanf_std.o)
 .bss           0x00000000008016c4        0x0 /usr/lib/gcc/avr/4.3.5/../../../avr/lib/avr51/libc.a(eerd_block_atmega128rfa1.o)
 .bss           0x00000000008016c4        0x0 /usr/lib/gcc/avr/4.3.5/../../../avr/lib/avr51/libc.a(eewr_block_atmega128rfa1.o)
 .bss           0x00000000008016c4        0x0 /usr/lib/gcc/avr/4.3.5/../../../avr/lib/avr51/libc.a(eewr_byte_atmega128rfa1.o)
 .bss           0x00000000008016c4        0x0 /usr/lib/gcc/avr/4.3.5/../../../avr/lib/avr51/libc.a(isspace.o)
 .bss           0x00000000008016c4        0x0 /usr/lib/gcc/avr/4.3.5/../../../avr/lib/avr51/libc.a(strchr_P.o)
 .bss           0x00000000008016c4        0x0 /usr/lib/gcc/avr/4.3.5/../../../avr/lib/avr51/libc.a(strnlen_P.o)
 .bss           0x00000000008016c4        0x0 /usr/lib/gcc/avr/4.3.5/../../../avr/lib/avr51/libc.a(strnlen.o)
 .bss           0x00000000008016c4        0x0 /usr/lib/gcc/avr/4.3.5/../../../avr/lib/avr51/libc.a(strrev.o)
 .bss           0x00000000008016c4        0x0 /usr/lib/gcc/avr/4.3.5/../../../avr/lib/avr51/libc.a(fgetc.o)
 .bss           0x00000000008016c4        0x0 /usr/lib/gcc/avr/4.3.5/../../../avr/lib/avr51/libc.a(fputc.o)
 .bss           0x00000000008016c4        0x0 /usr/lib/gcc/avr/4.3.5/../../../avr/lib/avr51/libc.a(ungetc.o)
 .bss           0x00000000008016c4        0x0 /usr/lib/gcc/avr/4.3.5/../../../avr/lib/avr51/libc.a(ultoa_invert.o)
 .bss           0x00000000008016c4        0x0 /usr/lib/gcc/avr/4.3.5/../../../avr/lib/avr51/libc.a(cty_isfalse.o)
 *(.bss*)
 *(COMMON)
 COMMON         0x00000000008016c4       0x89 ./src/avr_sixlowpan.o
                0x00000000008016c4                context_prefix
                0x00000000008016ca                txBuf
                0x0000000000801749                mac_ptr
                0x000000000080174b                mac_hdr_len
                0x000000000080174c                mac_len
 COMMON         0x000000000080174d      0x145 ./src/mac.o
                0x000000000080174d                mac_buffer_rx
                0x00000000008017cf                mac_buffer_tx
                0x0000000000801851                macConfig
                0x000000000080186a                debugStr
 COMMON         0x0000000000801892       0x66 ./src/mac_event.o
                0x0000000000801892                event_queue
 COMMON         0x00000000008018f8       0x16 ./src/mac_scan.o
                0x00000000008018f8                panDescriptor
 COMMON         0x000000000080190e        0x1 ./src/radio.o
                0x000000000080190e                rx_mode
 COMMON         0x000000000080190f        0x1 ./src/rum_application.o
                0x000000000080190f                gotPanCoordPing
 COMMON         0x0000000000801910        0x4 ./src/sensors.o
                0x0000000000801910                appInterval
                0x0000000000801912                frameInterval
 COMMON         0x0000000000801914        0x0 ./src/serial.o
                0x0000000000801914                SerialFrame
 COMMON         0x0000000000801914       0x65 ./src/sensn/app_fh_com.o
                0x0000000000801914                command
                0x0000000000801928                raute_pos
                0x0000000000801929                paraBuffer
 COMMON         0x0000000000801979        0x0 ./src/sensn/app_interface.o
 COMMON         0x0000000000801979        0x3 ./src/sensn/app_ping.o
                0x0000000000801979                dest_addr_ping
                0x000000000080197b                utimer
 COMMON         0x000000000080197c       0xb2 ./src/sensn/perf_test.o
                0x000000000080197c                s_send
                0x00000000008019d2                time_test
                0x00000000008019d4                netto_troughput
                0x00000000008019d6                time_from
                0x00000000008019d8                mac_buf
 COMMON         0x0000000000801a2e        0x1 ./src/deRFaddon/bmm.o
                0x0000000000801a2e                counter
 COMMON         0x0000000000801a2f       0x3b ./src/deRFaddon/data.o
                0x0000000000801a2f                dataConfiguration
 COMMON         0x0000000000801a6a       0xdc ./src/deRFaddon/deRFapplication.o
                0x0000000000801a6a                hdlcDataBufferTransmit
                0x0000000000801ad8                hdlcDataBufferReceive
 COMMON         0x0000000000801b46      0x3ea ./src/deRFaddon/queue.o
                0x0000000000801b46                uart_queue
 COMMON         0x0000000000801f30        0x6 /usr/lib/gcc/avr/4.3.5/../../../avr/lib/avr51/libc.a(iob.o)
                0x0000000000801f30                __iob
                0x0000000000801f36                PROVIDE (__bss_end, .)
                0x0000000000006c0e                __data_load_start = LOADADDR (.data)
                0x000000000000753c                __data_load_end = (__data_load_start + SIZEOF (.data))

.noinit         0x0000000000801f36        0x0
                0x0000000000801f36                PROVIDE (__noinit_start, .)
 *(.noinit*)
                0x0000000000801f36                PROVIDE (__noinit_end, .)
                0x0000000000801f36                _end = .
                0x0000000000801f36                PROVIDE (__heap_start, .)

.eeprom         0x0000000000810000        0x0
 *(.eeprom*)
                0x0000000000810000                __eeprom_end = .

.fuse
 *(.fuse)
 *(.lfuse)
 *(.hfuse)
 *(.efuse)

.lock
 *(.lock*)

.signature
 *(.signature*)

.stab           0x0000000000000000    0x14874
 *(.stab)
 .stab          0x0000000000000000      0x750 /usr/lib/gcc/avr/4.3.5/../../../avr/lib/avr51/crtm128rfa1.o
 .stab          0x0000000000000750     0x207c ./src/avr_sixlowpan.o
                                       0x2088 (size before relaxing)
 .stab          0x00000000000027cc      0x8a0 ./src/avr_sixlowpan_application.o
                                       0x15a8 (size before relaxing)
 .stab          0x000000000000306c      0x7b0 ./src/avr_timer.o
                                       0x13d4 (size before relaxing)
 .stab          0x000000000000381c      0xd98 ./src/hal_avr.o
                                       0x1830 (size before relaxing)
 .stab          0x00000000000045b4      0x3a8 ./src/mac.o
                                       0x1020 (size before relaxing)
 .stab          0x000000000000495c      0x8a0 ./src/mac_associate.o
                                       0x1560 (size before relaxing)
 .stab          0x00000000000051fc      0x1e0 ./src/mac_beacon.o
                                        0xe7c (size before relaxing)
 .stab          0x00000000000053dc      0x804 ./src/mac_data.o
                                       0x147c (size before relaxing)
 .stab          0x0000000000005be0      0x534 ./src/mac_event.o
                                       0x1224 (size before relaxing)
 .stab          0x0000000000006114      0x2e8 ./src/mac_route.o
                                        0xfa8 (size before relaxing)
 .stab          0x00000000000063fc      0x7b0 ./src/mac_scan.o
                                       0x13e0 (size before relaxing)
 .stab          0x0000000000006bac      0x1c8 ./src/mac_start.o
                                        0xe1c (size before relaxing)
 .stab          0x0000000000006d74      0x33c ./src/main.o
                                       0x117c (size before relaxing)
 .stab          0x00000000000070b0     0x1110 ./src/radio.o
                                       0x1ddc (size before relaxing)
 .stab          0x00000000000081c0      0xf30 ./src/rum_application.o
                                       0x1ce0 (size before relaxing)
 .stab          0x00000000000090f0      0x2ac ./src/sensors.o
                                       0x105c (size before relaxing)
 .stab          0x000000000000939c      0xa50 ./src/serial.o
                                       0x168c (size before relaxing)
 .stab          0x0000000000009dec      0x1ec ./src/sleep.o
                                        0xe40 (size before relaxing)
 .stab          0x0000000000009fd8      0x648 ./src/sensn/app_fh_com.o
                                       0x1074 (size before relaxing)
 .stab          0x000000000000a620      0x684 ./src/sensn/app_interface.o
                                       0x12e4 (size before relaxing)
 .stab          0x000000000000aca4      0x510 ./src/sensn/app_ping.o
                                       0x1344 (size before relaxing)
 .stab          0x000000000000b1b4      0x474 ./src/sensn/perf_test.o
                                       0x12a8 (size before relaxing)
 .stab          0x000000000000b628      0x5dc ./src/deRFaddon/bmm.o
                                        0xfcc (size before relaxing)
 .stab          0x000000000000bc04      0xb94 ./src/deRFaddon/data.o
                                       0x159c (size before relaxing)
 .stab          0x000000000000c798      0x948 ./src/deRFaddon/deRFapplication.o
                                       0x13b0 (size before relaxing)
 .stab          0x000000000000d0e0      0x870 ./src/deRFaddon/hdlc_light.o
                                        0xaa4 (size before relaxing)
 .stab          0x000000000000d950      0x6e4 ./src/deRFaddon/io_access.o
                                       0x105c (size before relaxing)
 .stab          0x000000000000e034      0x39c ./src/deRFaddon/link_quality.o
                                        0xfa8 (size before relaxing)
 .stab          0x000000000000e3d0      0x654 ./src/deRFaddon/queue.o
                                       0x10ec (size before relaxing)
 .stab          0x000000000000ea24      0x240 ./src/deRFaddon/status.o
                                        0x420 (size before relaxing)
 .stab          0x000000000000ec64      0x330 ./src/deRFaddon/uart.o
                                        0xcf0 (size before relaxing)
 .stab          0x000000000000ef94      0x210 ./src/deRFaddon/usb.o
                                        0xbd0 (size before relaxing)
 .stab          0x000000000000f1a4      0x384 ./src/deRFaddon/util.o
                                        0xcfc (size before relaxing)
 .stab          0x000000000000f528       0x78 /usr/lib/gcc/avr/4.3.5/../../../avr/lib/avr51/libm.a(addsf3.o)
                                         0x84 (size before relaxing)
 .stab          0x000000000000f5a0      0x4bc /usr/lib/gcc/avr/4.3.5/../../../avr/lib/avr51/libm.a(addsf3x.o)
                                        0x4c8 (size before relaxing)
 .stab          0x000000000000fa5c       0x48 /usr/lib/gcc/avr/4.3.5/../../../avr/lib/avr51/libm.a(divsf3.o)
                                         0x54 (size before relaxing)
 .stab          0x000000000000faa4      0x510 /usr/lib/gcc/avr/4.3.5/../../../avr/lib/avr51/libm.a(divsf3x.o)
                                        0x51c (size before relaxing)
 .stab          0x000000000000ffb4       0x6c /usr/lib/gcc/avr/4.3.5/../../../avr/lib/avr51/libm.a(fixsfsi.o)
                                         0x78 (size before relaxing)
 .stab          0x0000000000010020      0x240 /usr/lib/gcc/avr/4.3.5/../../../avr/lib/avr51/libm.a(fixunssfsi.o)
                                        0x24c (size before relaxing)
 .stab          0x0000000000010260      0x318 /usr/lib/gcc/avr/4.3.5/../../../avr/lib/avr51/libm.a(floatsisf.o)
                                        0x324 (size before relaxing)
 .stab          0x0000000000010578       0x78 /usr/lib/gcc/avr/4.3.5/../../../avr/lib/avr51/libm.a(fp_inf.o)
                                         0x84 (size before relaxing)
 .stab          0x00000000000105f0       0x54 /usr/lib/gcc/avr/4.3.5/../../../avr/lib/avr51/libm.a(fp_nan.o)
                                         0x60 (size before relaxing)
 .stab          0x0000000000010644       0x84 /usr/lib/gcc/avr/4.3.5/../../../avr/lib/avr51/libm.a(fp_pscA.o)
                                         0x90 (size before relaxing)
 .stab          0x00000000000106c8       0x84 /usr/lib/gcc/avr/4.3.5/../../../avr/lib/avr51/libm.a(fp_pscB.o)
                                         0x90 (size before relaxing)
 .stab          0x000000000001074c       0xfc /usr/lib/gcc/avr/4.3.5/../../../avr/lib/avr51/libm.a(fp_round.o)
                                        0x108 (size before relaxing)
 .stab          0x0000000000010848      0x1d4 /usr/lib/gcc/avr/4.3.5/../../../avr/lib/avr51/libm.a(fp_split3.o)
                                        0x1e0 (size before relaxing)
 .stab          0x0000000000010a1c       0x90 /usr/lib/gcc/avr/4.3.5/../../../avr/lib/avr51/libm.a(fp_zero.o)
                                         0x9c (size before relaxing)
 .stab          0x0000000000010aac       0x48 /usr/lib/gcc/avr/4.3.5/../../../avr/lib/avr51/libm.a(mulsf3.o)
                                         0x54 (size before relaxing)
 .stab          0x0000000000010af4      0x4d4 /usr/lib/gcc/avr/4.3.5/../../../avr/lib/avr51/libm.a(mulsf3x.o)
                                        0x4e0 (size before relaxing)
 .stab          0x0000000000010fc8      0x174 /usr/lib/gcc/avr/4.3.5/../../../avr/lib/avr51/libc.a(atoi.o)
                                        0x180 (size before relaxing)
 .stab          0x000000000001113c       0x84 /usr/lib/gcc/avr/4.3.5/../../../avr/lib/avr51/libc.a(memcpy.o)
                                         0x90 (size before relaxing)
 .stab          0x00000000000111c0       0x9c /usr/lib/gcc/avr/4.3.5/../../../avr/lib/avr51/libc.a(strchr.o)
                                         0xa8 (size before relaxing)
 .stab          0x000000000001125c       0x84 /usr/lib/gcc/avr/4.3.5/../../../avr/lib/avr51/libc.a(strcmp.o)
                                         0x90 (size before relaxing)
 .stab          0x00000000000112e0       0x6c /usr/lib/gcc/avr/4.3.5/../../../avr/lib/avr51/libc.a(strcpy.o)
                                         0x78 (size before relaxing)
 .stab          0x000000000001134c      0x1b0 /usr/lib/gcc/avr/4.3.5/../../../avr/lib/avr51/libc.a(itoa.o)
                                        0x1bc (size before relaxing)
 .stab          0x00000000000114fc       0x78 /usr/lib/gcc/avr/4.3.5/../../../avr/lib/avr51/libc.a(mul10.o)
                                         0x84 (size before relaxing)
 .stab          0x0000000000011574      0x330 /usr/lib/gcc/avr/4.3.5/../../../avr/lib/avr51/libc.a(fprintf.o)
                                        0x378 (size before relaxing)
 .stab          0x00000000000118a4      0x1d4 /usr/lib/gcc/avr/4.3.5/../../../avr/lib/avr51/libc.a(fputs.o)
                                        0x3b4 (size before relaxing)
 .stab          0x0000000000011a78      0x12c /usr/lib/gcc/avr/4.3.5/../../../avr/lib/avr51/libc.a(iob.o)
                                        0x30c (size before relaxing)
 .stab          0x0000000000011ba4      0x18c /usr/lib/gcc/avr/4.3.5/../../../avr/lib/avr51/libc.a(printf.o)
                                        0x36c (size before relaxing)
 .stab          0x0000000000011d30      0x1d4 /usr/lib/gcc/avr/4.3.5/../../../avr/lib/avr51/libc.a(puts.o)
                                        0x3b4 (size before relaxing)
 .stab          0x0000000000011f04      0x1f8 /usr/lib/gcc/avr/4.3.5/../../../avr/lib/avr51/libc.a(sprintf.o)
                                        0x3d8 (size before relaxing)
 .stab          0x00000000000120fc      0x1e0 /usr/lib/gcc/avr/4.3.5/../../../avr/lib/avr51/libc.a(sscanf.o)
                                        0x3c0 (size before relaxing)
 .stab          0x00000000000122dc      0x948 /usr/lib/gcc/avr/4.3.5/../../../avr/lib/avr51/libc.a(vfprintf_std.o)
                                        0xb58 (size before relaxing)
 .stab          0x0000000000012c24      0xbc4 /usr/lib/gcc/avr/4.3.5/../../../avr/lib/avr51/libc.a(vfscanf_std.o)
                                        0xe88 (size before relaxing)
 .stab          0x00000000000137e8      0x108 /usr/lib/gcc/avr/4.3.5/../../../avr/lib/avr51/libc.a(eerd_block_atmega128rfa1.o)
                                        0x114 (size before relaxing)
 .stab          0x00000000000138f0       0x9c /usr/lib/gcc/avr/4.3.5/../../../avr/lib/avr51/libc.a(eewr_block_atmega128rfa1.o)
                                         0xa8 (size before relaxing)
 .stab          0x000000000001398c       0xe4 /usr/lib/gcc/avr/4.3.5/../../../avr/lib/avr51/libc.a(eewr_byte_atmega128rfa1.o)
                                         0xf0 (size before relaxing)
 .stab          0x0000000000013a70       0x9c /usr/lib/gcc/avr/4.3.5/../../../avr/lib/avr51/libc.a(isspace.o)
                                         0xa8 (size before relaxing)
 .stab          0x0000000000013b0c       0x9c /usr/lib/gcc/avr/4.3.5/../../../avr/lib/avr51/libc.a(strchr_P.o)
                                         0xa8 (size before relaxing)
 .stab          0x0000000000013ba8       0x9c /usr/lib/gcc/avr/4.3.5/../../../avr/lib/avr51/libc.a(strnlen_P.o)
                                         0xa8 (size before relaxing)
 .stab          0x0000000000013c44       0x9c /usr/lib/gcc/avr/4.3.5/../../../avr/lib/avr51/libc.a(strnlen.o)
                                         0xa8 (size before relaxing)
 .stab          0x0000000000013ce0       0xd8 /usr/lib/gcc/avr/4.3.5/../../../avr/lib/avr51/libc.a(strrev.o)
                                         0xe4 (size before relaxing)
 .stab          0x0000000000013db8      0x24c /usr/lib/gcc/avr/4.3.5/../../../avr/lib/avr51/libc.a(fgetc.o)
                                        0x42c (size before relaxing)
 .stab          0x0000000000014004      0x1d4 /usr/lib/gcc/avr/4.3.5/../../../avr/lib/avr51/libc.a(fputc.o)
                                        0x3b4 (size before relaxing)
 .stab          0x00000000000141d8      0x1bc /usr/lib/gcc/avr/4.3.5/../../../avr/lib/avr51/libc.a(ungetc.o)
                                        0x39c (size before relaxing)
 .stab          0x0000000000014394      0x480 /usr/lib/gcc/avr/4.3.5/../../../avr/lib/avr51/libc.a(ultoa_invert.o)
                                        0x48c (size before relaxing)
 .stab          0x0000000000014814       0x60 /usr/lib/gcc/avr/4.3.5/../../../avr/lib/avr51/libc.a(cty_isfalse.o)
                                         0x6c (size before relaxing)

.stabstr        0x0000000000000000    0x1265f
 *(.stabstr)
 .stabstr       0x0000000000000000    0x1265f /usr/lib/gcc/avr/4.3.5/../../../avr/lib/avr51/crtm128rfa1.o

.stab.excl
 *(.stab.excl)

.stab.exclstr
 *(.stab.exclstr)

.stab.index
 *(.stab.index)

.stab.indexstr
 *(.stab.indexstr)

.comment
 *(.comment)

.debug
 *(.debug)

.line
 *(.line)

.debug_srcinfo
 *(.debug_srcinfo)

.debug_sfnames
 *(.debug_sfnames)

.debug_aranges
 *(.debug_aranges)

.debug_pubnames
 *(.debug_pubnames)

.debug_info
 *(.debug_info)
 *(.gnu.linkonce.wi.*)

.debug_abbrev
 *(.debug_abbrev)

.debug_line
 *(.debug_line)

.debug_frame
 *(.debug_frame)

.debug_str
 *(.debug_str)

.debug_loc
 *(.debug_loc)

.debug_macinfo
 *(.debug_macinfo)
OUTPUT(6loWPAN.elf elf32-avr)
LOAD linker stubs
